Component: ARM Compiler 5.06 update 5 (build 528) Tool: armlink [4d35e2]

==============================================================================

Section Cross References

    main.o(.text) refers to misc.o(.text) for NVIC_PriorityGroupConfig
    main.o(.text) refers to delay.o(.text) for delay_init
    main.o(.text) refers to usart.o(.text) for uart_init
    main.o(.text) refers to usart3.o(.text) for usart3_init
    main.o(.text) refers to led.o(.text) for LED_Init
    main.o(.text) refers to lcd.o(.text) for LCD_Init
    main.o(.text) refers to key.o(.text) for KEY_Init
    main.o(.text) refers to rs485.o(.text) for RS485_Init
    main.o(.text) refers to adc.o(.text) for Adc_Init
    main.o(.text) refers to w25qxx.o(.text) for W25QXX_Init
    main.o(.text) refers to malloc.o(.text) for my_mem_init
    main.o(.text) refers to exfuns.o(.text) for exfuns_init
    main.o(.text) refers to ff.o(.text) for f_mount
    main.o(.text) refers to common.o(.text) for atk_8266_test
    main.o(.text) refers to touch.o(.data) for tp_dev
    main.o(.text) refers to usmart_config.o(.data) for usmart_dev
    main.o(.text) refers to exfuns.o(.data) for fs
    system_stm32f4xx.o(.text) refers to system_stm32f4xx.o(.data) for SystemCoreClock
    led.o(.text) refers to stm32f4xx_rcc.o(.text) for RCC_AHB1PeriphClockCmd
    led.o(.text) refers to stm32f4xx_gpio.o(.text) for GPIO_Init
    lcd.o(.text) refers to _printf_percent.o(.ARM.Collect$$_printf_percent$$00000000) for _printf_percent
    lcd.o(.text) refers to _printf_x.o(.ARM.Collect$$_printf_percent$$0000000C) for _printf_x
    lcd.o(.text) refers to _printf_hex_int_ll_ptr.o(.text) for _printf_longlong_hex
    lcd.o(.text) refers to delay.o(.text) for delay_us
    lcd.o(.text) refers to lcd.o(.bss) for lcddev
    lcd.o(.text) refers to lcd.o(.data) for POINT_COLOR
    lcd.o(.text) refers to dflt_clz.o(x$fpl$dfltu) for __aeabi_ui2d
    lcd.o(.text) refers to dmul.o(x$fpl$dmul) for __aeabi_dmul
    lcd.o(.text) refers to dfixu.o(x$fpl$dfixu) for __aeabi_d2uiz
    lcd.o(.text) refers to stm32f4xx_rcc.o(.text) for RCC_AHB1PeriphClockCmd
    lcd.o(.text) refers to stm32f4xx_gpio.o(.text) for GPIO_Init
    lcd.o(.text) refers to stm32f4xx_fsmc.o(.text) for FSMC_NORSRAMInit
    lcd.o(.text) refers to __2printf.o(.text) for __2printf
    lcd.o(.text) refers to lcd.o(.constdata) for asc2_1206
    key.o(.text) refers to stm32f4xx_rcc.o(.text) for RCC_AHB1PeriphClockCmd
    key.o(.text) refers to stm32f4xx_gpio.o(.text) for GPIO_Init
    key.o(.text) refers to delay.o(.text) for delay_ms
    key.o(.text) refers to key.o(.data) for key_up
    spi.o(.text) refers to stm32f4xx_spi.o(.text) for SPI_I2S_GetFlagStatus
    spi.o(.text) refers to stm32f4xx_rcc.o(.text) for RCC_AHB1PeriphClockCmd
    spi.o(.text) refers to stm32f4xx_gpio.o(.text) for GPIO_Init
    w25qxx.o(.text) refers to _printf_percent.o(.ARM.Collect$$_printf_percent$$00000000) for _printf_percent
    w25qxx.o(.text) refers to _printf_x.o(.ARM.Collect$$_printf_percent$$0000000C) for _printf_x
    w25qxx.o(.text) refers to _printf_hex_int_ll_ptr.o(.text) for _printf_longlong_hex
    w25qxx.o(.text) refers to spi.o(.text) for SPI1_ReadWriteByte
    w25qxx.o(.text) refers to stm32f4xx_rcc.o(.text) for RCC_AHB1PeriphClockCmd
    w25qxx.o(.text) refers to stm32f4xx_gpio.o(.text) for GPIO_Init
    w25qxx.o(.text) refers to __2printf.o(.text) for __2printf
    w25qxx.o(.text) refers to delay.o(.text) for delay_us
    w25qxx.o(.text) refers to w25qxx.o(.data) for W25QXX_TYPE
    w25qxx.o(.text) refers to w25qxx.o(.bss) for W25QXX_BUFFER
    sdio_sdcard.o(.text) refers to stm32f4xx_sdio.o(.text) for SDIO_GetFlagStatus
    sdio_sdcard.o(.text) refers to sdio_sdcard.o(.data) for DeviceMode
    sdio_sdcard.o(.text) refers to sdio_sdcard.o(.bss) for SDIO_CmdInitStructure
    sdio_sdcard.o(.text) refers to stm32f4xx_rcc.o(.text) for RCC_AHB1PeriphClockCmd
    sdio_sdcard.o(.text) refers to stm32f4xx_gpio.o(.text) for GPIO_Init
    sdio_sdcard.o(.text) refers to misc.o(.text) for NVIC_Init
    sdio_sdcard.o(.text) refers to stm32f4xx_dma.o(.text) for DMA_GetCmdStatus
    sdio_sdcard.o(.text) refers to sys.o(.emb_text) for INTX_DISABLE
    sdio_sdcard.o(.text) refers to rt_memcpy_v6.o(.text) for __aeabi_memcpy
    24cxx.o(.text) refers to myiic.o(.text) for IIC_Init
    24cxx.o(.text) refers to delay.o(.text) for delay_ms
    myiic.o(.text) refers to stm32f4xx_rcc.o(.text) for RCC_AHB1PeriphClockCmd
    myiic.o(.text) refers to stm32f4xx_gpio.o(.text) for GPIO_Init
    myiic.o(.text) refers to delay.o(.text) for delay_us
    timer.o(.text) refers to stm32f4xx_tim.o(.text) for TIM_GetITStatus
    timer.o(.text) refers to stm32f4xx_rcc.o(.text) for RCC_APB1PeriphClockCmd
    timer.o(.text) refers to misc.o(.text) for NVIC_Init
    timer.o(.text) refers to usart3.o(.data) for USART3_RX_STA
    usart3.o(.text) refers to stm32f4xx_usart.o(.text) for USART_GetITStatus
[...]
    RCC_TIMCLKPresConfig                     0x0800b297   Thumb Code     6  stm32f4xx_rcc.o(.text)
    RCC_AHB1PeriphClockCmd                   0x0800b29d   Thumb Code    34  stm32f4xx_rcc.o(.text)
    RCC_AHB2PeriphClockCmd                   0x0800b2bf   Thumb Code    78  stm32f4xx_rcc.o(.text)
    RCC_AHB3PeriphClockCmd                   0x0800b30d   Thumb Code    34  stm32f4xx_rcc.o(.text)
    RCC_APB1PeriphClockCmd                   0x0800b32f   Thumb Code    34  stm32f4xx_rcc.o(.text)
    RCC_APB2PeriphClockCmd                   0x0800b351   Thumb Code    34  stm32f4xx_rcc.o(.text)
    RCC_AHB1PeriphResetCmd                   0x0800b373   Thumb Code    34  stm32f4xx_rcc.o(.text)
    RCC_AHB2PeriphResetCmd                   0x0800b395   Thumb Code    34  stm32f4xx_rcc.o(.text)
    RCC_AHB3PeriphResetCmd                   0x0800b3b7   Thumb Code    34  stm32f4xx_rcc.o(.text)
    RCC_APB1PeriphResetCmd                   0x0800b3d9   Thumb Code    34  stm32f4xx_rcc.o(.text)
    RCC_APB2PeriphResetCmd                   0x0800b3fb   Thumb Code    34  stm32f4xx_rcc.o(.text)
    RCC_AHB1PeriphClockLPModeCmd             0x0800b41d   Thumb Code    34  stm32f4xx_rcc.o(.text)
    RCC_AHB2PeriphClockLPModeCmd             0x0800b43f   Thumb Code    34  stm32f4xx_rcc.o(.text)
    RCC_AHB3PeriphClockLPModeCmd             0x0800b461   Thumb Code    34  stm32f4xx_rcc.o(.text)
    RCC_APB1PeriphClockLPModeCmd             0x0800b483   Thumb Code    34  stm32f4xx_rcc.o(.text)
    RCC_APB2PeriphClockLPModeCmd             0x0800b4a5   Thumb Code    34  stm32f4xx_rcc.o(.text)
    RCC_LSEModeConfig                        0x0800b4c7   Thumb Code    40  stm32f4xx_rcc.o(.text)
    RCC_ITConfig                             0x0800b4ef   Thumb Code    34  stm32f4xx_rcc.o(.text)
    RCC_ClearFlag                            0x0800b511   Thumb Code    18  stm32f4xx_rcc.o(.text)
    RCC_GetITStatus                          0x0800b523   Thumb Code    22  stm32f4xx_rcc.o(.text)
    RCC_ClearITPendingBit                    0x0800b539   Thumb Code     8  stm32f4xx_rcc.o(.text)
    SDIO_DeInit                              0x0800b545   Thumb Code    22  stm32f4xx_sdio.o(.text)
    SDIO_Init                                0x0800b55b   Thumb Code    42  stm32f4xx_sdio.o(.text)
    SDIO_StructInit                          0x0800b585   Thumb Code    16  stm32f4xx_sdio.o(.text)
    SDIO_ClockCmd                            0x0800b595   Thumb Code     6  stm32f4xx_sdio.o(.text)
    SDIO_SetPowerState                       0x0800b59b   Thumb Code     8  stm32f4xx_sdio.o(.text)
    SDIO_GetPowerState                       0x0800b5a3   Thumb Code    12  stm32f4xx_sdio.o(.text)
    SDIO_SendCommand                         0x0800b5af   Thumb Code    42  stm32f4xx_sdio.o(.text)
    SDIO_CmdStructInit                       0x0800b5d9   Thumb Code    14  stm32f4xx_sdio.o(.text)
    SDIO_GetCommandResponse                  0x0800b5e7   Thumb Code    10  stm32f4xx_sdio.o(.text)
    SDIO_GetResponse                         0x0800b5f1   Thumb Code    22  stm32f4xx_sdio.o(.text)
    SDIO_DataConfig                          0x0800b607   Thumb Code    48  stm32f4xx_sdio.o(.text)
    SDIO_DataStructInit                      0x0800b637   Thumb Code    20  stm32f4xx_sdio.o(.text)
    SDIO_GetDataCounter                      0x0800b64b   Thumb Code     8  stm32f4xx_sdio.o(.text)
    SDIO_ReadData                            0x0800b653   Thumb Code     8  stm32f4xx_sdio.o(.text)
    SDIO_WriteData                           0x0800b65b   Thumb Code     8  stm32f4xx_sdio.o(.text)
    SDIO_GetFIFOCount                        0x0800b663   Thumb Code     8  stm32f4xx_sdio.o(.text)
    SDIO_StartSDIOReadWait                   0x0800b66b   Thumb Code     6  stm32f4xx_sdio.o(.text)
    SDIO_StopSDIOReadWait                    0x0800b671   Thumb Code     8  stm32f4xx_sdio.o(.text)
    SDIO_SetSDIOReadWaitMode                 0x0800b679   Thumb Code     8  stm32f4xx_sdio.o(.text)
    SDIO_SetSDIOOperation                    0x0800b681   Thumb Code     8  stm32f4xx_sdio.o(.text)
    SDIO_SendSDIOSuspendCmd                  0x0800b689   Thumb Code     6  stm32f4xx_sdio.o(.text)
    SDIO_CommandCompletionCmd                0x0800b68f   Thumb Code     8  stm32f4xx_sdio.o(.text)
    SDIO_CEATAITCmd                          0x0800b697   Thumb Code    12  stm32f4xx_sdio.o(.text)
    SDIO_SendCEATACmd                        0x0800b6a3   Thumb Code     8  stm32f4xx_sdio.o(.text)
    SDIO_DMACmd                              0x0800b6ab   Thumb Code     8  stm32f4xx_sdio.o(.text)
    SDIO_ITConfig                            0x0800b6b3   Thumb Code    34  stm32f4xx_sdio.o(.text)
    SDIO_GetFlagStatus                       0x0800b6d5   Thumb Code    22  stm32f4xx_sdio.o(.text)
    SDIO_ClearFlag                           0x0800b6eb   Thumb Code     8  stm32f4xx_sdio.o(.text)
    SDIO_GetITStatus                         0x0800b6f3   Thumb Code    22  stm32f4xx_sdio.o(.text)
    SDIO_ClearITPendingBit                   0x0800b709   Thumb Code     8  stm32f4xx_sdio.o(.text)
    USART_DeInit                             0x0800b721   Thumb Code   206  stm32f4xx_usart.o(.text)
    USART_Init                               0x0800b7ef   Thumb Code   204  stm32f4xx_usart.o(.text)
    USART_StructInit                         0x0800b8bb   Thumb Code    24  stm32f4xx_usart.o(.text)
    USART_ClockInit                          0x0800b8d3   Thumb Code    32  stm32f4xx_usart.o(.text)
    USART_ClockStructInit                    0x0800b8f3   Thumb Code    12  stm32f4xx_usart.o(.text)
    USART_Cmd                                0x0800b8ff   Thumb Code    24  stm32f4xx_usart.o(.text)
    USART_SetPrescaler                       0x0800b917   Thumb Code    16  stm32f4xx_usart.o(.text)
    USART_OverSampling8Cmd                   0x0800b927   Thumb Code    22  stm32f4xx_usart.o(.text)
    USART_OneBitMethodCmd                    0x0800b93d   Thumb Code    24  stm32f4xx_usart.o(.text)
    USART_SendData                           0x0800b955   Thumb Code     8  stm32f4xx_usart.o(.text)
    USART_ReceiveData                        0x0800b95d   Thumb Code    10  stm32f4xx_usart.o(.text)
    USART_SetAddress                         0x0800b967   Thumb Code    18  stm32f4xx_usart.o(.text)
    USART_ReceiverWakeUpCmd                  0x0800b979   Thumb Code    24  stm32f4xx_usart.o(.text)
    USART_WakeUpConfig                       0x0800b991   Thumb Code    18  stm32f4xx_usart.o(.text)
    USART_LINBreakDetectLengthConfig         0x0800b9a3   Thumb Code    18  stm32f4xx_usart.o(.text)
    USART_LINCmd                             0x0800b9b5   Thumb Code    24  stm32f4xx_usart.o(.text)
    USART_SendBreak                          0x0800b9cd   Thumb Code    10  stm32f4xx_usart.o(.text)
    USART_HalfDuplexCmd                      0x0800b9d7   Thumb Code    24  stm32f4xx_usart.o(.text)
    USART_SetGuardTime                       0x0800b9ef   Thumb Code    16  stm32f4xx_usart.o(.text)
    USART_SmartCardCmd                       0x0800b9ff   Thumb Code    24  stm32f4xx_usart.o(.text)
    USART_SmartCardNACKCmd                   0x0800ba17   Thumb Code    24  stm32f4xx_usart.o(.text)
    USART_IrDAConfig                         0x0800ba2f   Thumb Code    18  stm32f4xx_usart.o(.text)
    USART_IrDACmd                            0x0800ba41   Thumb Code    24  stm32f4xx_usart.o(.text)
    USART_DMACmd                             0x0800ba59   Thumb Code    18  stm32f4xx_usart.o(.text)
    USART_ITConfig                           0x0800ba6b   Thumb Code    74  stm32f4xx_usart.o(.text)
    USART_GetFlagStatus                      0x0800bab5   Thumb Code    26  stm32f4xx_usart.o(.text)
    USART_ClearFlag                          0x0800bacf   Thumb Code    18  stm32f4xx_usart.o(.text)
    USART_GetITStatus                        0x0800bae1   Thumb Code   118  stm32f4xx_usart.o(.text)
    USART_ClearITPendingBit                  0x0800bb57   Thumb Code    30  stm32f4xx_usart.o(.text)
    SPI_I2S_DeInit                           0x0800bb75   Thumb Code   152  stm32f4xx_spi.o(.text)
    SPI_Init                                 0x0800bc0d   Thumb Code    60  stm32f4xx_spi.o(.text)
    I2S_Init                                 0x0800bc49   Thumb Code   396  stm32f4xx_spi.o(.text)
    SPI_StructInit                           0x0800bdd5   Thumb Code    24  stm32f4xx_spi.o(.text)
    I2S_StructInit                           0x0800bded   Thumb Code    20  stm32f4xx_spi.o(.text)
    SPI_Cmd                                  0x0800be01   Thumb Code    24  stm32f4xx_spi.o(.text)
    I2S_Cmd                                  0x0800be19   Thumb Code    24  stm32f4xx_spi.o(.text)
    SPI_DataSizeConfig                       0x0800be31   Thumb Code    18  stm32f4xx_spi.o(.text)
    SPI_BiDirectionalLineConfig              0x0800be43   Thumb Code    28  stm32f4xx_spi.o(.text)
    SPI_NSSInternalSoftwareConfig            0x0800be5f   Thumb Code    30  stm32f4xx_spi.o(.text)
    SPI_SSOutputCmd                          0x0800be7d   Thumb Code    24  stm32f4xx_spi.o(.text)
    SPI_TIModeCmd                            0x0800be95   Thumb Code    24  stm32f4xx_spi.o(.text)
    I2S_FullDuplexConfig                     0x0800bead   Thumb Code    80  stm32f4xx_spi.o(.text)
    SPI_I2S_ReceiveData                      0x0800befd   Thumb Code     6  stm32f4xx_spi.o(.text)
    SPI_I2S_SendData                         0x0800bf03   Thumb Code     4  stm32f4xx_spi.o(.text)
    SPI_CalculateCRC                         0x0800bf07   Thumb Code    24  stm32f4xx_spi.o(.text)
    SPI_TransmitCRC                          0x0800bf1f   Thumb Code    10  stm32f4xx_spi.o(.text)
    SPI_GetCRC                               0x0800bf29   Thumb Code    16  stm32f4xx_spi.o(.text)
    SPI_GetCRCPolynomial                     0x0800bf39   Thumb Code     6  stm32f4xx_spi.o(.text)
    SPI_I2S_DMACmd                           0x0800bf3f   Thumb Code    18  stm32f4xx_spi.o(.text)
    SPI_I2S_ITConfig                         0x0800bf51   Thumb Code    68  stm32f4xx_spi.o(.text)
    SPI_I2S_GetFlagStatus                    0x0800bf95   Thumb Code    18  stm32f4xx_spi.o(.text)
    SPI_I2S_ClearFlag                        0x0800bfa7   Thumb Code     6  stm32f4xx_spi.o(.text)
    SPI_I2S_GetITStatus                      0x0800bfad   Thumb Code    52  stm32f4xx_spi.o(.text)
    SPI_I2S_ClearITPendingBit                0x0800bfe1   Thumb Code    20  stm32f4xx_spi.o(.text)
    TIM_DeInit                               0x0800bff5   Thumb Code   346  stm32f4xx_tim.o(.text)
    TIM_TimeBaseInit                         0x0800c14f   Thumb Code   104  stm32f4xx_tim.o(.text)
    TIM_TimeBaseStructInit                   0x0800c1b7   Thumb Code    18  stm32f4xx_tim.o(.text)
    TIM_PrescalerConfig                      0x0800c1c9   Thumb Code     6  stm32f4xx_tim.o(.text)
    TIM_CounterModeConfig                    0x0800c1cf   Thumb Code    18  stm32f4xx_tim.o(.text)
    TIM_SetCounter                           0x0800c1e1   Thumb Code     4  stm32f4xx_tim.o(.text)
    TIM_SetAutoreload                        0x0800c1e5   Thumb Code     4  stm32f4xx_tim.o(.text)
    TIM_GetCounter                           0x0800c1e9   Thumb Code     6  stm32f4xx_tim.o(.text)
    TIM_GetPrescaler                         0x0800c1ef   Thumb Code     6  stm32f4xx_tim.o(.text)
    TIM_UpdateDisableConfig                  0x0800c1f5   Thumb Code    24  stm32f4xx_tim.o(.text)
    TIM_UpdateRequestConfig                  0x0800c20d   Thumb Code    24  stm32f4xx_tim.o(.text)
    TIM_ARRPreloadConfig                     0x0800c225   Thumb Code    24  stm32f4xx_tim.o(.text)
    TIM_SelectOnePulseMode                   0x0800c23d   Thumb Code    18  stm32f4xx_tim.o(.text)
    TIM_SetClockDivision                     0x0800c24f   Thumb Code    18  stm32f4xx_tim.o(.text)
    TIM_Cmd                                  0x0800c261   Thumb Code    24  stm32f4xx_tim.o(.text)
    TIM_OC1Init                              0x0800c279   Thumb Code   114  stm32f4xx_tim.o(.text)
    TIM_OC2Init                              0x0800c2eb   Thumb Code   154  stm32f4xx_tim.o(.text)
    TIM_OC3Init                              0x0800c385   Thumb Code   204  stm32f4xx_tim.o(.text)
    TIM_OC4Init                              0x0800c451   Thumb Code   112  stm32f4xx_tim.o(.text)
    TIM_OCStructInit                         0x0800c4c1   Thumb Code    20  stm32f4xx_tim.o(.text)
    TIM_SelectOCxM                           0x0800c4d5   Thumb Code    86  stm32f4xx_tim.o(.text)
    TIM_SetCompare1                          0x0800c52b   Thumb Code     4  stm32f4xx_tim.o(.text)
    TIM_SetCompare2                          0x0800c52f   Thumb Code     4  stm32f4xx_tim.o(.text)
    TIM_SetCompare3                          0x0800c533   Thumb Code     4  stm32f4xx_tim.o(.text)
    TIM_SetCompare4                          0x0800c537   Thumb Code     4  stm32f4xx_tim.o(.text)
    TIM_ForcedOC1Config                      0x0800c53b   Thumb Code    18  stm32f4xx_tim.o(.text)
    TIM_ForcedOC2Config                      0x0800c54d   Thumb Code    26  stm32f4xx_tim.o(.text)
    TIM_ForcedOC3Config                      0x0800c567   Thumb Code    18  stm32f4xx_tim.o(.text)
    TIM_ForcedOC4Config                      0x0800c579   Thumb Code    26  stm32f4xx_tim.o(.text)
    TIM_OC1PreloadConfig                     0x0800c593   Thumb Code    18  stm32f4xx_tim.o(.text)
    TIM_OC2PreloadConfig                     0x0800c5a5   Thumb Code    26  stm32f4xx_tim.o(.text)
    TIM_OC3PreloadConfig                     0x0800c5bf   Thumb Code    18  stm32f4xx_tim.o(.text)
    TIM_OC4PreloadConfig                     0x0800c5d1   Thumb Code    26  stm32f4xx_tim.o(.text)
    TIM_OC1FastConfig                        0x0800c5eb   Thumb Code    18  stm32f4xx_tim.o(.text)
    TIM_OC2FastConfig                        0x0800c5fd   Thumb Code    26  stm32f4xx_tim.o(.text)
    TIM_OC3FastConfig                        0x0800c617   Thumb Code    18  stm32f4xx_tim.o(.text)
    TIM_OC4FastConfig                        0x0800c629   Thumb Code    26  stm32f4xx_tim.o(.text)
    TIM_ClearOC1Ref                          0x0800c643   Thumb Code    18  stm32f4xx_tim.o(.text)
    TIM_ClearOC2Ref                          0x0800c655   Thumb Code    24  stm32f4xx_tim.o(.text)
    TIM_ClearOC3Ref                          0x0800c66d   Thumb Code    18  stm32f4xx_tim.o(.text)
    TIM_ClearOC4Ref                          0x0800c67f   Thumb Code    24  stm32f4xx_tim.o(.text)
    TIM_OC1PolarityConfig                    0x0800c697   Thumb Code    18  stm32f4xx_tim.o(.text)
    TIM_OC1NPolarityConfig                   0x0800c6a9   Thumb Code    18  stm32f4xx_tim.o(.text)
    TIM_OC2PolarityConfig                    0x0800c6bb   Thumb Code    26  stm32f4xx_tim.o(.text)
    TIM_OC2NPolarityConfig                   0x0800c6d5   Thumb Code    26  stm32f4xx_tim.o(.text)
    TIM_OC3PolarityConfig                    0x0800c6ef   Thumb Code    26  stm32f4xx_tim.o(.text)
    TIM_OC3NPolarityConfig                   0x0800c709   Thumb Code    26  stm32f4xx_tim.o(.text)
    TIM_OC4PolarityConfig                    0x0800c723   Thumb Code    26  stm32f4xx_tim.o(.text)
    TIM_CCxCmd                               0x0800c73d   Thumb Code    30  stm32f4xx_tim.o(.text)
    TIM_CCxNCmd                              0x0800c75b   Thumb Code    30  stm32f4xx_tim.o(.text)
    TIM_SetIC4Prescaler                      0x0800c779   Thumb Code    26  stm32f4xx_tim.o(.text)
    TIM_SetIC3Prescaler                      0x0800c7e3   Thumb Code    18  stm32f4xx_tim.o(.text)
    TIM_SetIC2Prescaler                      0x0800c83d   Thumb Code    26  stm32f4xx_tim.o(.text)
    TIM_SetIC1Prescaler                      0x0800c8b1   Thumb Code    18  stm32f4xx_tim.o(.text)
    TIM_ICInit                               0x0800c8fd   Thumb Code   110  stm32f4xx_tim.o(.text)
    TIM_ICStructInit                         0x0800c96b   Thumb Code    18  stm32f4xx_tim.o(.text)
    TIM_PWMIConfig                           0x0800c97d   Thumb Code   124  stm32f4xx_tim.o(.text)
    TIM_GetCapture1                          0x0800c9f9   Thumb Code     6  stm32f4xx_tim.o(.text)
    TIM_GetCapture2                          0x0800c9ff   Thumb Code     6  stm32f4xx_tim.o(.text)
    TIM_GetCapture3                          0x0800ca05   Thumb Code     6  stm32f4xx_tim.o(.text)
    TIM_GetCapture4                          0x0800ca0b   Thumb Code     6  stm32f4xx_tim.o(.text)
    TIM_BDTRConfig                           0x0800ca11   Thumb Code    32  stm32f4xx_tim.o(.text)
    TIM_BDTRStructInit                       0x0800ca31   Thumb Code    18  stm32f4xx_tim.o(.text)
    TIM_CtrlPWMOutputs                       0x0800ca43   Thumb Code    30  stm32f4xx_tim.o(.text)
    TIM_SelectCOM                            0x0800ca61   Thumb Code    24  stm32f4xx_tim.o(.text)
    TIM_CCPreloadControl                     0x0800ca79   Thumb Code    24  stm32f4xx_tim.o(.text)
    TIM_ITConfig                             0x0800ca91   Thumb Code    18  stm32f4xx_tim.o(.text)
    TIM_GenerateEvent                        0x0800caa3   Thumb Code     4  stm32f4xx_tim.o(.text)
    TIM_GetFlagStatus                        0x0800caa7   Thumb Code    18  stm32f4xx_tim.o(.text)
    TIM_ClearFlag                            0x0800cab9   Thumb Code     6  stm32f4xx_tim.o(.text)
    TIM_GetITStatus                          0x0800cabf   Thumb Code    34  stm32f4xx_tim.o(.text)
    TIM_ClearITPendingBit                    0x0800cae1   Thumb Code     6  stm32f4xx_tim.o(.text)
    TIM_DMAConfig                            0x0800cae7   Thumb Code    10  stm32f4xx_tim.o(.text)
    TIM_DMACmd                               0x0800caf1   Thumb Code    18  stm32f4xx_tim.o(.text)
    TIM_SelectCCDMA                          0x0800cb03   Thumb Code    24  stm32f4xx_tim.o(.text)
    TIM_InternalClockConfig                  0x0800cb1b   Thumb Code    12  stm32f4xx_tim.o(.text)
    TIM_SelectInputTrigger                   0x0800cb27   Thumb Code    18  stm32f4xx_tim.o(.text)
    TIM_ITRxExternalClockConfig              0x0800cb39   Thumb Code    24  stm32f4xx_tim.o(.text)
    TIM_TIxExternalClockConfig               0x0800cb51   Thumb Code    62  stm32f4xx_tim.o(.text)
    TIM_ETRConfig                            0x0800cb8f   Thumb Code    28  stm32f4xx_tim.o(.text)
    TIM_ETRClockMode1Config                  0x0800cbab   Thumb Code    54  stm32f4xx_tim.o(.text)
    TIM_ETRClockMode2Config                  0x0800cbe1   Thumb Code    32  stm32f4xx_tim.o(.text)
    TIM_SelectOutputTrigger                  0x0800cc01   Thumb Code    18  stm32f4xx_tim.o(.text)
    TIM_SelectSlaveMode                      0x0800cc13   Thumb Code    18  stm32f4xx_tim.o(.text)
    TIM_SelectMasterSlaveMode                0x0800cc25   Thumb Code    18  stm32f4xx_tim.o(.text)
    TIM_EncoderInterfaceConfig               0x0800cc37   Thumb Code    66  stm32f4xx_tim.o(.text)
    TIM_SelectHallSensor                     0x0800cc79   Thumb Code    24  stm32f4xx_tim.o(.text)
    TIM_RemapConfig                          0x0800cc91   Thumb Code     6  stm32f4xx_tim.o(.text)
    ADC_DeInit                               0x0800cc99   Thumb Code    22  stm32f4xx_adc.o(.text)
    ADC_Init                                 0x0800ccaf   Thumb Code    74  stm32f4xx_adc.o(.text)
    ADC_StructInit                           0x0800ccf9   Thumb Code    20  stm32f4xx_adc.o(.text)
    ADC_CommonInit                           0x0800cd0d   Thumb Code    34  stm32f4xx_adc.o(.text)
    ADC_CommonStructInit                     0x0800cd2f   Thumb Code    12  stm32f4xx_adc.o(.text)
    ADC_Cmd                                  0x0800cd3b   Thumb Code    22  stm32f4xx_adc.o(.text)
    ADC_AnalogWatchdogCmd                    0x0800cd51   Thumb Code    16  stm32f4xx_adc.o(.text)
    ADC_AnalogWatchdogThresholdsConfig       0x0800cd61   Thumb Code     6  stm32f4xx_adc.o(.text)
    ADC_AnalogWatchdogSingleChannelConfig    0x0800cd67   Thumb Code    16  stm32f4xx_adc.o(.text)
    ADC_TempSensorVrefintCmd                 0x0800cd77   Thumb Code    34  stm32f4xx_adc.o(.text)
    ADC_VBATCmd                              0x0800cd99   Thumb Code    34  stm32f4xx_adc.o(.text)
    ADC_RegularChannelConfig                 0x0800cdbb   Thumb Code   184  stm32f4xx_adc.o(.text)
    ADC_SoftwareStartConv                    0x0800ce73   Thumb Code    10  stm32f4xx_adc.o(.text)
    ADC_GetSoftwareStartConvStatus           0x0800ce7d   Thumb Code    20  stm32f4xx_adc.o(.text)
    ADC_EOCOnEachRegularChannelCmd           0x0800ce91   Thumb Code    22  stm32f4xx_adc.o(.text)
    ADC_ContinuousModeCmd                    0x0800cea7   Thumb Code    22  stm32f4xx_adc.o(.text)
    ADC_DiscModeChannelCountConfig           0x0800cebd   Thumb Code    24  stm32f4xx_adc.o(.text)
    ADC_DiscModeCmd                          0x0800ced5   Thumb Code    22  stm32f4xx_adc.o(.text)
    ADC_GetConversionValue                   0x0800ceeb   Thumb Code     8  stm32f4xx_adc.o(.text)
    ADC_GetMultiModeConversionValue          0x0800cef3   Thumb Code     8  stm32f4xx_adc.o(.text)
    ADC_DMACmd                               0x0800cefb   Thumb Code    22  stm32f4xx_adc.o(.text)
    ADC_DMARequestAfterLastTransferCmd       0x0800cf11   Thumb Code    22  stm32f4xx_adc.o(.text)
    ADC_MultiModeDMARequestAfterLastTransferCmd 0x0800cf27   Thumb Code    34  stm32f4xx_adc.o(.text)
    ADC_InjectedChannelConfig                0x0800cf49   Thumb Code   130  stm32f4xx_adc.o(.text)
    ADC_InjectedSequencerLengthConfig        0x0800cfcb   Thumb Code    24  stm32f4xx_adc.o(.text)
    ADC_SetInjectedOffset                    0x0800cfe3   Thumb Code    20  stm32f4xx_adc.o(.text)
    ADC_ExternalTrigInjectedConvConfig       0x0800cff7   Thumb Code    16  stm32f4xx_adc.o(.text)
    ADC_ExternalTrigInjectedConvEdgeConfig   0x0800d007   Thumb Code    16  stm32f4xx_adc.o(.text)
    ADC_SoftwareStartInjectedConv            0x0800d017   Thumb Code    10  stm32f4xx_adc.o(.text)
    ADC_GetSoftwareStartInjectedConvCmdStatus 0x0800d021   Thumb Code    20  stm32f4xx_adc.o(.text)
    ADC_AutoInjectedConvCmd                  0x0800d035   Thumb Code    22  stm32f4xx_adc.o(.text)
    ADC_InjectedDiscModeCmd                  0x0800d04b   Thumb Code    22  stm32f4xx_adc.o(.text)
    ADC_GetInjectedConversionValue           0x0800d061   Thumb Code    28  stm32f4xx_adc.o(.text)
    ADC_ITConfig                             0x0800d07d   Thumb Code    56  stm32f4xx_adc.o(.text)
    ADC_GetFlagStatus                        0x0800d0b5   Thumb Code    18  stm32f4xx_adc.o(.text)
    ADC_ClearFlag                            0x0800d0c7   Thumb Code     6  stm32f4xx_adc.o(.text)
    ADC_GetITStatus                          0x0800d0cd   Thumb Code    38  stm32f4xx_adc.o(.text)
    ADC_ClearITPendingBit                    0x0800d0f3   Thumb Code    10  stm32f4xx_adc.o(.text)
    mymemcpy                                 0x0800d0fd   Thumb Code    26  malloc.o(.text)
    mymemset                                 0x0800d117   Thumb Code    20  malloc.o(.text)
    my_mem_init                              0x0800d12b   Thumb Code    54  malloc.o(.text)
    my_mem_perused                           0x0800d161   Thumb Code    54  malloc.o(.text)
    my_mem_malloc                            0x0800d197   Thumb Code   154  malloc.o(.text)
    my_mem_free                              0x0800d231   Thumb Code    94  malloc.o(.text)
    myfree                                   0x0800d28f   Thumb Code    32  malloc.o(.text)
    mymalloc                                 0x0800d2af   Thumb Code    36  malloc.o(.text)
    myrealloc                                0x0800d2d3   Thumb Code    68  malloc.o(.text)
    usmart_sys_cmd_exe                       0x0800d329   Thumb Code  1554  usmart.o(.text)
    usmart_reset_runtime                     0x0800d93b   Thumb Code    38  usmart.o(.text)
    usmart_get_runtime                       0x0800d961   Thumb Code    60  usmart.o(.text)
    TIM4_IRQHandler                          0x0800d99d   Thumb Code    46  usmart.o(.text)
    Timer4_Init                              0x0800d9cb   Thumb Code    86  usmart.o(.text)
    usmart_init                              0x0800da21   Thumb Code    36  usmart.o(.text)
    usmart_cmd_rec                           0x0800da45   Thumb Code   170  usmart.o(.text)
    usmart_exe                               0x0800daef   Thumb Code   868  usmart.o(.text)
    usmart_scan                              0x0800de53   Thumb Code   120  usmart.o(.text)
    read_addr                                0x0800decb   Thumb Code     6  usmart.o(.text)
    write_addr                               0x0800ded1   Thumb Code     4  usmart.o(.text)
    usmart_strcmp                            0x0800df5d   Thumb Code    34  usmart_str.o(.text)
    usmart_strcopy                           0x0800df7f   Thumb Code    22  usmart_str.o(.text)
    usmart_strlen                            0x0800df95   Thumb Code    24  usmart_str.o(.text)
    usmart_pow                               0x0800dfad   Thumb Code    22  usmart_str.o(.text)
    usmart_str2num                           0x0800dfc3   Thumb Code   202  usmart_str.o(.text)
    usmart_get_cmdname                       0x0800e08d   Thumb Code    54  usmart_str.o(.text)
    usmart_search_nextc                      0x0800e0c3   Thumb Code    22  usmart_str.o(.text)
    usmart_get_fname                         0x0800e0d9   Thumb Code   440  usmart_str.o(.text)
    usmart_get_aparm                         0x0800e291   Thumb Code   200  usmart_str.o(.text)
    usmart_get_parmpos                       0x0800e359   Thumb Code    26  usmart_str.o(.text)
    usmart_get_fparam                        0x0800e373   Thumb Code   262  usmart_str.o(.text)
    disk_initialize                          0x0800e485   Thumb Code    52  diskio.o(.text)
    disk_status                              0x0800e4b9   Thumb Code     6  diskio.o(.text)
    disk_read                                0x0800e4bf   Thumb Code    98  diskio.o(.text)
    disk_write                               0x0800e521   Thumb Code    98  diskio.o(.text)
    disk_ioctl                               0x0800e583   Thumb Code   170  diskio.o(.text)
    get_fattime                              0x0800e62d   Thumb Code     4  diskio.o(.text)
    ff_memalloc                              0x0800e631   Thumb Code    14  diskio.o(.text)
    ff_memfree                               0x0800e63f   Thumb Code    14  diskio.o(.text)
    clust2sect                               0x0800e803   Thumb Code    26  ff.o(.text)
    get_fat                                  0x0800e81d   Thumb Code   232  ff.o(.text)
    put_fat                                  0x0800e905   Thumb Code   310  ff.o(.text)
    dir_sdi                                  0x0800ebaf   Thumb Code   158  ff.o(.text)
    f_mount                                  0x0800fc17   Thumb Code    86  ff.o(.text)
    f_open                                   0x0800fc6d   Thumb Code   384  ff.o(.text)
    f_read                                   0x0800fded   Thumb Code   450  ff.o(.text)
    f_write                                  0x0800ffaf   Thumb Code   498  ff.o(.text)
    f_sync                                   0x080101a1   Thumb Code   176  ff.o(.text)
    f_close                                  0x08010251   Thumb Code    32  ff.o(.text)
    f_lseek                                  0x08010271   Thumb Code   654  ff.o(.text)
    f_opendir                                0x080104ff   Thumb Code   136  ff.o(.text)
    f_closedir                               0x08010587   Thumb Code    22  ff.o(.text)
    f_readdir                                0x0801059d   Thumb Code   114  ff.o(.text)
    f_stat                                   0x0801060f   Thumb Code    84  ff.o(.text)
    f_getfree                                0x08010663   Thumb Code   258  ff.o(.text)
    f_truncate                               0x08010765   Thumb Code   184  ff.o(.text)
    f_unlink                                 0x0801081d   Thumb Code   194  ff.o(.text)
    f_mkdir                                  0x080108df   Thumb Code   380  ff.o(.text)
    f_chmod                                  0x08010a5b   Thumb Code   112  ff.o(.text)
    f_utime                                  0x08010acb   Thumb Code   110  ff.o(.text)
    f_rename                                 0x08010b39   Thumb Code   314  ff.o(.text)
    f_getlabel                               0x08010c73   Thumb Code   190  ff.o(.text)
    f_setlabel                               0x08010d31   Thumb Code   470  ff.o(.text)
    f_mkfs                                   0x08010f07   Thumb Code  1570  ff.o(.text)
    f_gets                                   0x08011529   Thumb Code    82  ff.o(.text)
    f_putc                                   0x080115bf   Thumb Code    64  ff.o(.text)
    f_puts                                   0x080115ff   Thumb Code    74  ff.o(.text)
    f_printf                                 0x08011649   Thumb Code   674  ff.o(.text)
    exfuns_init                              0x080118ed   Thumb Code   110  exfuns.o(.text)
    char_upper                               0x0801195b   Thumb Code    26  exfuns.o(.text)
    f_typetell                               0x08011975   Thumb Code   188  exfuns.o(.text)
    exf_getfree                              0x08011a31   Thumb Code    74  exfuns.o(.text)
    ff_convert                               0x08011a91   Thumb Code   146  mycc936.o(.text)
    ff_wtoupper                              0x08011b23   Thumb Code    46  mycc936.o(.text)
    Get_HzMat                                0x08011b5d   Thumb Code   220  text.o(.text)
    Show_Font                                0x08011c39   Thumb Code   190  text.o(.text)
    Show_Str                                 0x08011cf7   Thumb Code   192  text.o(.text)
    Show_Str_Mid                             0x08011db7   Thumb Code   106  text.o(.text)
    atk_8266_at_response                     0x08011e31   Thumb Code    46  common.o(.text)
    atk_8266_check_cmd                       0x08011e5f   Thumb Code    44  common.o(.text)
    atk_8266_send_cmd                        0x08011e8b   Thumb Code    92  common.o(.text)
    atk_8266_send_data                       0x08011ee7   Thumb Code    84  common.o(.text)
    atk_8266_quit_trans                      0x08011f3b   Thumb Code   100  common.o(.text)
    atk_8266_consta_check                    0x08011f9f   Thumb Code    36  common.o(.text)
    atk_8266_get_wanip                       0x08011fc3   Thumb Code    58  common.o(.text)
    atk_8266_get_ip                          0x08011ffd   Thumb Code   252  common.o(.text)
    atk_8266_msg_show                        0x080120f9   Thumb Code   958  common.o(.text)
    atk_8266_wificonf_show                   0x080124b7   Thumb Code   230  common.o(.text)
    atk_8266_ip_set                          0x0801259d   Thumb Code   288  common.o(.text)
    atk_8266_test                            0x080126bd   Thumb Code   404  common.o(.text)
    atk_8266_wifiap_test                     0x08012855   Thumb Code  2016  wifiap.o(.text)
    __use_no_semihosting                     0x080130b5   Thumb Code     2  use_no_semi_2.o(.text)
    __aeabi_ldivmod                          0x080130b7   Thumb Code     0  llsdiv.o(.text)
    _ll_sdiv                                 0x080130b7   Thumb Code    72  llsdiv.o(.text)
    __c89vsprintf                            0x08013101   Thumb Code    32  c89vsprintf.o(.text)
    __2printf                                0x08013125   Thumb Code    20  __2printf.o(.text)
    __2sprintf                               0x0801313d   Thumb Code    38  __2sprintf.o(.text)
    _printf_pre_padding                      0x08013169   Thumb Code    44  _printf_pad.o(.text)
    _printf_post_padding                     0x08013195   Thumb Code    34  _printf_pad.o(.text)
    _printf_str                              0x080131b7   Thumb Code    82  _printf_str.o(.text)
    _printf_int_dec                          0x08013209   Thumb Code   104  _printf_dec.o(.text)
    _printf_longlong_hex                     0x08013281   Thumb Code    86  _printf_hex_int_ll_ptr.o(.text)
    _printf_int_hex                          0x080132d7   Thumb Code    28  _printf_hex_int_ll_ptr.o(.text)
    _printf_ll_hex                           0x080132f3   Thumb Code    12  _printf_hex_int_ll_ptr.o(.text)
    _printf_hex_ptr                          0x080132ff   Thumb Code    18  _printf_hex_int_ll_ptr.o(.text)
    __printf                                 0x08013315   Thumb Code   388  __printf_flags_ss_wp.o(.text)
    strstr                                   0x0801349d   Thumb Code    36  strstr.o(.text)
    strcpy                                   0x080134c1   Thumb Code    72  strcpy.o(.text)
    strlen                                   0x08013509   Thumb Code    62  strlen.o(.text)
    __aeabi_memcpy                           0x08013547   Thumb Code     0  rt_memcpy_v6.o(.text)
    __rt_memcpy                              0x08013547   Thumb Code   138  rt_memcpy_v6.o(.text)
    _memcpy_lastbytes                        0x080135ad   Thumb Code     0  rt_memcpy_v6.o(.text)
    strcmp                                   0x080135d1   Thumb Code   128  strcmpv7m.o(.text)
    __use_two_region_memory                  0x08013651   Thumb Code     2  heapauxi.o(.text)
    __rt_heap_escrow$2region                 0x08013653   Thumb Code     2  heapauxi.o(.text)
    __rt_heap_expand$2region                 0x08013655   Thumb Code     2  heapauxi.o(.text)
    __I$use$semihosting                      0x08013657   Thumb Code     0  use_no_semi.o(.text)
    __use_no_semihosting_swi                 0x08013657   Thumb Code     2  use_no_semi.o(.text)
    __aeabi_uldivmod                         0x08013659   Thumb Code     0  lludivv7m.o(.text)
    _ll_udiv                                 0x08013659   Thumb Code   238  lludivv7m.o(.text)
    __read_errno                             0x08013747   Thumb Code    10  _rserrno.o(.text)
    __set_errno                              0x08013751   Thumb Code    12  _rserrno.o(.text)
    _printf_truncate_signed                  0x0801375d   Thumb Code    18  _printf_truncate.o(.text)
    _printf_truncate_unsigned                0x0801376f   Thumb Code    18  _printf_truncate.o(.text)
    _printf_int_common                       0x08013781   Thumb Code   178  _printf_intcommon.o(.text)
    _printf_charcount                        0x08013833   Thumb Code    40  _printf_charcount.o(.text)
    __lib_sel_fp_printf                      0x0801385b   Thumb Code     2  _printf_fp_dec.o(.text)
    _printf_fp_dec_real                      0x08013a0d   Thumb Code   620  _printf_fp_dec.o(.text)
    _printf_char_common                      0x08013c83   Thumb Code    32  _printf_char_common.o(.text)
    _sputc                                   0x08013ca9   Thumb Code    10  _sputc.o(.text)
    _printf_cs_common                        0x08013cb3   Thumb Code    20  _printf_char.o(.text)
    _printf_char                             0x08013cc7   Thumb Code    16  _printf_char.o(.text)
    _printf_string                           0x08013cd7   Thumb Code     8  _printf_char.o(.text)
    _printf_char_file                        0x08013ce1   Thumb Code    32  _printf_char_file.o(.text)
    _printf_wctomb                           0x08013d05   Thumb Code   182  _printf_wctomb.o(.text)
    _printf_longlong_dec                     0x08013dc1   Thumb Code   108  _printf_longlong_dec.o(.text)
    _printf_longlong_oct                     0x08013e3d   Thumb Code    66  _printf_oct_int_ll.o(.text)
    _printf_int_oct                          0x08013e7f   Thumb Code    24  _printf_oct_int_ll.o(.text)
    _printf_ll_oct                           0x08013e97   Thumb Code    12  _printf_oct_int_ll.o(.text)
    __aeabi_memcpy4                          0x08013ead   Thumb Code     0  rt_memcpy_w.o(.text)
    __aeabi_memcpy8                          0x08013ead   Thumb Code     0  rt_memcpy_w.o(.text)
    __rt_memcpy_w                            0x08013ead   Thumb Code   100  rt_memcpy_w.o(.text)
    _memcpy_lastbytes_aligned                0x08013ef5   Thumb Code     0  rt_memcpy_w.o(.text)
    __rt_locale                              0x08013f11   Thumb Code     8  rt_locale_intlibspace.o(.text)
    __aeabi_errno_addr                       0x08013f19   Thumb Code     8  rt_errno_addr_intlibspace.o(.text)
    __errno$intlibspace                      0x08013f19   Thumb Code     0  rt_errno_addr_intlibspace.o(.text)
    __rt_errno_addr$intlibspace              0x08013f19   Thumb Code     0  rt_errno_addr_intlibspace.o(.text)
    _ll_udiv10                               0x08013f21   Thumb Code   138  lludiv10.o(.text)
    _printf_fp_infnan                        0x08013fad   Thumb Code   112  _printf_fp_infnan.o(.text)
    _printf_lcs_common                       0x0801402d   Thumb Code    20  _printf_wchar.o(.text)
    _printf_wchar                            0x08014041   Thumb Code    16  _printf_wchar.o(.text)
    _printf_wstring                          0x08014051   Thumb Code     8  _printf_wchar.o(.text)
    _btod_etento                             0x08014059   Thumb Code   224  bigflt0.o(.text)
    ferror                                   0x0801413d   Thumb Code     8  ferror.o(.text)
    _wcrtomb                                 0x08014145   Thumb Code    64  _wcrtomb.o(.text)
    __user_libspace                          0x08014185   Thumb Code     8  libspace.o(.text)
    __user_perproc_libspace                  0x08014185   Thumb Code     0  libspace.o(.text)
    __user_perthread_libspace                0x08014185   Thumb Code     0  libspace.o(.text)
    __user_setup_stackheap                   0x0801418d   Thumb Code    74  sys_stackheap_outer.o(.text)
    __rt_ctype_table                         0x080141d9   Thumb Code    16  rt_ctype_table.o(.text)
    exit                                     0x080141e9   Thumb Code    18  exit.o(.text)
    _btod_d2e                                0x080141fb   Thumb Code    62  btod.o(CL$$btod_d2e)
    _d2e_denorm_low                          0x08014239   Thumb Code    70  btod.o(CL$$btod_d2e_denorm_low)
    _d2e_norm_op1                            0x0801427f   Thumb Code    96  btod.o(CL$$btod_d2e_norm_op1)
    __btod_div_common                        0x080142df   Thumb Code   696  btod.o(CL$$btod_div_common)
    _e2e                                     0x08014617   Thumb Code   220  btod.o(CL$$btod_e2e)
    _btod_ediv                               0x080146f3   Thumb Code    42  btod.o(CL$$btod_ediv)
    _btod_emul                               0x0801471d   Thumb Code    42  btod.o(CL$$btod_emul)
    __btod_mult_common                       0x08014747   Thumb Code   580  btod.o(CL$$btod_mult_common)
    __ARM_fpclassify                         0x0801498b   Thumb Code    48  fpclassify.o(i.__ARM_fpclassify)
    __hardfp_sqrt                            0x080149bb   Thumb Code   122  sqrt.o(i.__hardfp_sqrt)
    _is_digit                                0x08014a35   Thumb Code    14  __printf_wp.o(i._is_digit)
    _get_lc_numeric                          0x08014a45   Thumb Code    44  lc_numeric_c.o(locale$$code)
    _get_lc_ctype                            0x08014a71   Thumb Code    44  lc_ctype_c.o(locale$$code)
    __aeabi_d2f                              0x08014a9d   Thumb Code     0  d2f.o(x$fpl$d2f)
    _d2f                                     0x08014a9d   Thumb Code    98  d2f.o(x$fpl$d2f)
    __aeabi_dadd                             0x08014b01   Thumb Code     0  daddsub_clz.o(x$fpl$dadd)
    _dadd                                    0x08014b01   Thumb Code   332  daddsub_clz.o(x$fpl$dadd)
    __fpl_dcmp_Inf                           0x08014c51   Thumb Code    24  dcmpi.o(x$fpl$dcmpinf)
    __aeabi_d2uiz                            0x08014c69   Thumb Code     0  dfixu.o(x$fpl$dfixu)
    _dfixu                                   0x08014c69   Thumb Code    90  dfixu.o(x$fpl$dfixu)
    __aeabi_i2d                              0x08014cc3   Thumb Code     0  dflt_clz.o(x$fpl$dflt)
    _dflt                                    0x08014cc3   Thumb Code    46  dflt_clz.o(x$fpl$dflt)
    __aeabi_ui2d                             0x08014cf1   Thumb Code     0  dflt_clz.o(x$fpl$dfltu)
    _dfltu                                   0x08014cf1   Thumb Code    38  dflt_clz.o(x$fpl$dfltu)
    __aeabi_cdcmple                          0x08014d19   Thumb Code     0  dleqf.o(x$fpl$dleqf)
    _dcmple                                  0x08014d19   Thumb Code   120  dleqf.o(x$fpl$dleqf)
    __fpl_dcmple_InfNaN                      0x08014d7b   Thumb Code     0  dleqf.o(x$fpl$dleqf)
    __aeabi_dmul                             0x08014d91   Thumb Code     0  dmul.o(x$fpl$dmul)
    _dmul                                    0x08014d91   Thumb Code   332  dmul.o(x$fpl$dmul)
    __fpl_dnaninf                            0x08014ee5   Thumb Code   156  dnaninf.o(x$fpl$dnaninf)
    __fpl_dretinf                            0x08014f81   Thumb Code    12  dretinf.o(x$fpl$dretinf)
    __aeabi_cdrcmple                         0x08014f8d   Thumb Code     0  drleqf.o(x$fpl$drleqf)
    _drcmple                                 0x08014f8d   Thumb Code   108  drleqf.o(x$fpl$drleqf)
    __aeabi_drsub                            0x08014ff9   Thumb Code     0  daddsub_clz.o(x$fpl$drsb)
    _drsb                                    0x08014ff9   Thumb Code    22  daddsub_clz.o(x$fpl$drsb)
    _dsqrt                                   0x08015011   Thumb Code   404  dsqrt_umaal.o(x$fpl$dsqrt)
    __aeabi_dsub                             0x080151a9   Thumb Code     0  daddsub_clz.o(x$fpl$dsub)
    _dsub                                    0x080151a9   Thumb Code   464  daddsub_clz.o(x$fpl$dsub)
    __aeabi_f2d                              0x0801537d   Thumb Code     0  f2d.o(x$fpl$f2d)
    _f2d                                     0x0801537d   Thumb Code    86  f2d.o(x$fpl$f2d)
    __fpl_fnaninf                            0x080153d3   Thumb Code   140  fnaninf.o(x$fpl$fnaninf)
    _fp_init                                 0x0801545f   Thumb Code    10  fpinit.o(x$fpl$fpinit)
    __fplib_config_fpu_vfp                   0x08015467   Thumb Code     0  fpinit.o(x$fpl$fpinit)
    __fplib_config_pureend_doubles           0x08015467   Thumb Code     0  fpinit.o(x$fpl$fpinit)
    __fpl_fretinf                            0x08015469   Thumb Code    10  fretinf.o(x$fpl$fretinf)
    _printf_fp_dec                           0x08015473   Thumb Code     4  printf1.o(x$fpl$printf1)
    __I$use$fp                               0x08015476   Number         0  usenofp.o(x$fpl$usenofp)
    asc2_1206                                0x08015476   Data        1140  lcd.o(.constdata)
    asc2_1608                                0x080158ea   Data        1520  lcd.o(.constdata)
    asc2_2412                                0x08015eda   Data        3420  lcd.o(.constdata)
    GT9147_CFG_TBL                           0x08016c36   Data         184  gt9147.o(.constdata)
    GT9147_TPX_TBL                           0x08016cee   Data          10  gt9147.o(.constdata)
    OTT_TPX_TBL                              0x08016cf8   Data          10  ott2001a.o(.constdata)
    TP_REMIND_MSG_TBL                        0x08016d04   Data           4  touch.o(.constdata)
    FT5206_TPX_TBL                           0x08016d08   Data          10  ft5206.o(.constdata)
    FSMC_DefaultTimingStruct                 0x08016d14   Data          28  stm32f4xx_fsmc.o(.constdata)
    memtblsize                               0x08016d30   Data          12  malloc.o(.constdata)
    memblksize                               0x08016d3c   Data          12  malloc.o(.constdata)
    memsize                                  0x08016d48   Data          12  malloc.o(.constdata)
    Region$$Table$$Base                      0x0801742c   Number         0  anon$$obj.o(Region$$Table)
    Region$$Table$$Limit                     0x0801744c   Number         0  anon$$obj.o(Region$$Table)
    __ctype                                  0x08017475   Data           0  lc_ctype_c.o(locale$$data)
    mem3base                                 0x10000000   Data       61440  malloc.o(.ARM.__AT_0x10000000)
    mem3mapbase                              0x1000f000   Data        3840  malloc.o(.ARM.__AT_0x1000F000)
    SystemCoreClock                          0x20000000   Data           4  system_stm32f4xx.o(.data)
    AHBPrescTable                            0x20000004   Data          16  system_stm32f4xx.o(.data)
    POINT_COLOR                              0x20000014   Data           2  lcd.o(.data)
    BACK_COLOR                               0x20000016   Data           2  lcd.o(.data)
    W25QXX_TYPE                              0x2000001a   Data           2  w25qxx.o(.data)
    TransferError                            0x20000026   Data           1  sdio_sdcard.o(.data)
    TransferEnd                              0x20000027   Data           1  sdio_sdcard.o(.data)
    tempbuff                                 0x20000028   Data           4  sdio_sdcard.o(.data)
    USART3_RX_STA                            0x2000002c   Data           2  usart3.o(.data)
    tp_dev                                   0x20000030   Data          52  touch.o(.data)
    CMD_RDX                                  0x20000064   Data           1  touch.o(.data)
    CMD_RDY                                  0x20000065   Data           1  touch.o(.data)
    ADC_ConvertedValue                       0x20000068   Data           6  adc.o(.data)
    ADC_ConvertedValue1                      0x2000006e   Data           4  adc.o(.data)
    RS485_RX_CNT                             0x20000072   Data           1  rs485.o(.data)
    __stdout                                 0x20000078   Data           4  usart.o(.data)
    USART_RX_STA                             0x2000007c   Data           2  usart.o(.data)
    mallco_dev                               0x20000090   Data          36  malloc.o(.data)
    sys_cmd_tab                              0x200000b4   Data          28  usmart.o(.data)
    usmart_nametab                           0x200000d0   Data          32  usmart_config.o(.data)
    usmart_dev                               0x200000f0   Data         244  usmart_config.o(.data)
    FLASH_SECTOR_COUNT                       0x200001e4   Data           2  diskio.o(.data)
    FILE_TYPE_TBL                            0x200001f4   Data         312  exfuns.o(.data)
    fs                                       0x2000032c   Data           8  exfuns.o(.data)
    file                                     0x20000334   Data           4  exfuns.o(.data)
    ftemp                                    0x20000338   Data           4  exfuns.o(.data)
    br                                       0x2000033c   Data           4  exfuns.o(.data)
    bw                                       0x20000340   Data           4  exfuns.o(.data)
    fatbuf                                   0x20000344   Data           4  exfuns.o(.data)
    portnum                                  0x20000348   Data           4  common.o(.data)
    wifiap_ssid                              0x2000034c   Data           4  common.o(.data)
    wifiap_encryption                        0x20000350   Data           4  common.o(.data)
    wifiap_password                          0x20000354   Data           4  common.o(.data)
    ATK_ESP8266_CWMODE_TBL                   0x20000358   Data           4  common.o(.data)
    ATK_ESP8266_WORKMODE_TBL                 0x2000035c   Data           4  common.o(.data)
    ATK_ESP8266_ECN_TBL                      0x20000360   Data          20  common.o(.data)
    lcddev                                   0x20000374   Data          14  lcd.o(.bss)
    W25QXX_BUFFER                            0x20000382   Data        4096  w25qxx.o(.bss)
    SDIO_InitStructure                       0x20001388   Data          24  sdio_sdcard.o(.bss)
    SDIO_CmdInitStructure                    0x200013a0   Data          20  sdio_sdcard.o(.bss)
    SDIO_DataInitStructure                   0x200013b4   Data          24  sdio_sdcard.o(.bss)
    SDCardInfo                               0x200013f0   Data          88  sdio_sdcard.o(.bss)
    SDIO_DATA_BUFFER                         0x20001448   Data         512  sdio_sdcard.o(.bss)
    USART3_TX_BUF                            0x20001648   Data         400  usart3.o(.bss)
    USART3_RX_BUF                            0x200017d8   Data         400  usart3.o(.bss)
    RS485_RX_BUF                             0x20001968   Data          64  rs485.o(.bss)
    USART_RX_BUF                             0x200019a8   Data         200  usart.o(.bss)
    mem1base                                 0x20001a80   Data       102400  malloc.o(.bss)
    mem1mapbase                              0x2001aa80   Data        6400  malloc.o(.bss)
    ftinfo                                   0x2001c380   Data          33  fontupd.o(.bss)
    __libspace_start                         0x2001c3a4   Data          96  libspace.o(.bss)
    __temporary_stack_top$libspace           0x2001c404   Data           0  libspace.o(.bss)
    mem2base                                 0x68000000   Data       983040  malloc.o(.ARM.__AT_0x68000000)
    mem2mapbase                              0x680f0000   Data       61440  malloc.o(.ARM.__AT_0x680F0000)



==============================================================================

Memory Map of the image

  Image Entry point : 0x08000189

  Load Region LR_IROM1 (Base: 0x08000000, Size: 0x000178ec, Max: 0x00100000, ABSOLUTE, COMPRESSED[0x0001767c])

    Execution Region ER_IROM1 (Exec base: 0x08000000, Load base: 0x08000000, Size: 0x00017578, Max: 0x00100000, ABSOLUTE)

    Exec Addr    Load Addr    Size         Type   Attr      Idx    E Section Name        Object

    0x08000000   0x08000000   0x00000188   Data   RO          921    RESET               startup_stm32f40_41xxx.o
    0x08000188   0x08000188   0x00000008   Code   RO         1646  * !!!main             c_w.l(__main.o)
    0x08000190   0x08000190   0x00000034   Code   RO         1977    !!!scatter          c_w.l(__scatter.o)
    0x080001c4   0x080001c4   0x0000005a   Code   RO         1975    !!dczerorl2         c_w.l(__dczerorl2.o)
    0x0800021e   0x0800021e   0x00000002   PAD
    0x08000220   0x08000220   0x0000001c   Code   RO         1979    !!handler_zi        c_w.l(__scatter_zi.o)
    0x0800023c   0x0800023c   0x00000000   Code   RO         1631    .ARM.Collect$$_printf_percent$$00000000  c_w.l(_printf_percent.o)
    0x0800023c   0x0800023c   0x00000006   Code   RO         1722    .ARM.Collect$$_printf_percent$$00000001  c_w.l(_printf_n.o)
    0x08000242   0x08000242   0x00000006   Code   RO         1723    .ARM.Collect$$_printf_percent$$00000002  c_w.l(_printf_p.o)
    0x08000248   0x08000248   0x00000006   Code   RO         1630    .ARM.Collect$$_printf_percent$$00000003  c_w.l(_printf_f.o)
    0x0800024e   0x0800024e   0x00000006   Code   RO         1726    .ARM.Collect$$_printf_percent$$00000004  c_w.l(_printf_e.o)
    0x08000254   0x08000254   0x00000006   Code   RO         1727    .ARM.Collect$$_printf_percent$$00000005  c_w.l(_printf_g.o)
    0x0800025a   0x0800025a   0x00000006   Code   RO         1728    .ARM.Collect$$_printf_percent$$00000006  c_w.l(_printf_a.o)
    0x08000260   0x08000260   0x0000000a   Code   RO         1733    .ARM.Collect$$_printf_percent$$00000007  c_w.l(_printf_ll.o)
    0x0800026a   0x0800026a   0x00000006   Code   RO         1725    .ARM.Collect$$_printf_percent$$00000008  c_w.l(_printf_i.o)
    0x08000270   0x08000270   0x00000006   Code   RO         1628    .ARM.Collect$$_printf_percent$$00000009  c_w.l(_printf_d.o)
    0x08000276   0x08000276   0x00000006   Code   RO         1629    .ARM.Collect$$_printf_percent$$0000000A  c_w.l(_printf_u.o)
    0x0800027c   0x0800027c   0x00000006   Code   RO         1724    .ARM.Collect$$_printf_percent$$0000000B  c_w.l(_printf_o.o)
    0x08000282   0x08000282   0x00000006   Code   RO         1627    .ARM.Collect$$_printf_percent$$0000000C  c_w.l(_printf_x.o)
    0x08000288   0x08000288   0x00000006   Code   RO         1730    .ARM.Collect$$_printf_percent$$0000000D  c_w.l(_printf_lli.o)
    0x0800028e   0x0800028e   0x00000006   Code   RO         1731    .ARM.Collect$$_printf_percent$$0000000E  c_w.l(_printf_lld.o)
    0x08000294   0x08000294   0x00000006   Code   RO         1732    .ARM.Collect$$_printf_percent$$0000000F  c_w.l(_printf_llu.o)
    0x0800029a   0x0800029a   0x00000006   Code   RO         1737    .ARM.Collect$$_printf_percent$$00000010  c_w.l(_printf_llo.o)
    0x080002a0   0x080002a0   0x00000006   Code   RO         1738    .ARM.Collect$$_printf_percent$$00000011  c_w.l(_printf_llx.o)
    0x080002a6   0x080002a6   0x0000000a   Code   RO         1734    .ARM.Collect$$_printf_percent$$00000012  c_w.l(_printf_l.o)
    0x080002b0   0x080002b0   0x00000006   Code   RO         1625    .ARM.Collect$$_printf_percent$$00000013  c_w.l(_printf_c.o)
    0x080002b6   0x080002b6   0x00000006   Code   RO         1626    .ARM.Collect$$_printf_percent$$00000014  c_w.l(_printf_s.o)
    0x080002bc   0x080002bc   0x00000006   Code   RO         1735    .ARM.Collect$$_printf_percent$$00000015  c_w.l(_printf_lc.o)
    0x080002c2   0x080002c2   0x00000006   Code   RO         1736    .ARM.Collect$$_printf_percent$$00000016  c_w.l(_printf_ls.o)
    0x080002c8   0x080002c8   0x00000004   Code   RO         1729    .ARM.Collect$$_printf_percent$$00000017  c_w.l(_printf_percent_end.o)
    0x080002cc   0x080002cc   0x00000002   Code   RO         1845    .ARM.Collect$$libinit$$00000000  c_w.l(libinit.o)
    0x080002ce   0x080002ce   0x00000004   Code   RO         1846    .ARM.Collect$$libinit$$00000001  c_w.l(libinit2.o)
    0x080002d2   0x080002d2   0x00000000   Code   RO         1849    .ARM.Collect$$libinit$$00000004  c_w.l(libinit2.o)
    0x080002d2   0x080002d2   0x00000000   Code   RO         1852    .ARM.Collect$$libinit$$0000000A  c_w.l(libinit2.o)
    0x080002d2   0x080002d2   0x00000000   Code   RO         1854    .ARM.Collect$$libinit$$0000000C  c_w.l(libinit2.o)
    0x080002d2   0x080002d2   0x00000000   Code   RO         1856    .ARM.Collect$$libinit$$0000000E  c_w.l(libinit2.o)
    0x080002d2   0x080002d2   0x00000006   Code   RO         1857    .ARM.Collect$$libinit$$0000000F  c_w.l(libinit2.o)
    0x080002d8   0x080002d8   0x00000000   Code   RO         1859    .ARM.Collect$$libinit$$00000011  c_w.l(libinit2.o)
    0x080002d8   0x080002d8   0x0000000c   Code   RO         1860    .ARM.Collect$$libinit$$00000012  c_w.l(libinit2.o)
    0x080002e4   0x080002e4   0x00000000   Code   RO         1861    .ARM.Collect$$libinit$$00000013  c_w.l(libinit2.o)
    0x080002e4   0x080002e4   0x00000000   Code   RO         1863    .ARM.Collect$$libinit$$00000015  c_w.l(libinit2.o)
    0x080002e4   0x080002e4   0x0000000a   Code   RO         1864    .ARM.Collect$$libinit$$00000016  c_w.l(libinit2.o)
    0x080002ee   0x080002ee   0x00000000   Code   RO         1865    .ARM.Collect$$libinit$$00000017  c_w.l(libinit2.o)
    0x080002ee   0x080002ee   0x00000000   Code   RO         1867    .ARM.Collect$$libinit$$00000019  c_w.l(libinit2.o)
    0x080002ee   0x080002ee   0x00000000   Code   RO         1869    .ARM.Collect$$libinit$$0000001B  c_w.l(libinit2.o)
    0x080002ee   0x080002ee   0x00000000   Code   RO         1871    .ARM.Collect$$libinit$$0000001D  c_w.l(libinit2.o)
    0x080002ee   0x080002ee   0x00000000   Code   RO         1873    .ARM.Collect$$libinit$$0000001F  c_w.l(libinit2.o)
    0x080002ee   0x080002ee   0x00000000   Code   RO         1875    .ARM.Collect$$libinit$$00000021  c_w.l(libinit2.o)
    0x080002ee   0x080002ee   0x00000000   Code   RO         1877    .ARM.Collect$$libinit$$00000023  c_w.l(libinit2.o)
    0x080002ee   0x080002ee   0x00000000   Code   RO         1879    .ARM.Collect$$libinit$$00000025  c_w.l(libinit2.o)
    0x080002ee   0x080002ee   0x00000000   Code   RO         1883    .ARM.Collect$$libinit$$0000002C  c_w.l(libinit2.o)
    0x080002ee   0x080002ee   0x00000000   Code   RO         1885    .ARM.Collect$$libinit$$0000002E  c_w.l(libinit2.o)
    0x080002ee   0x080002ee   0x00000000   Code   RO         1887    .ARM.Collect$$libinit$$00000030  c_w.l(libinit2.o)
    0x080002ee   0x080002ee   0x00000000   Code   RO         1889    .ARM.Collect$$libinit$$00000032  c_w.l(libinit2.o)
    0x080002ee   0x080002ee   0x00000002   Code   RO         1890    .ARM.Collect$$libinit$$00000033  c_w.l(libinit2.o)
    0x080002f0   0x080002f0   0x00000002   Code   RO         1935    .ARM.Collect$$libshutdown$$00000000  c_w.l(libshutdown.o)
    0x080002f2   0x080002f2   0x00000000   Code   RO         1944    .ARM.Collect$$libshutdown$$00000002  c_w.l(libshutdown2.o)
    0x080002f2   0x080002f2   0x00000000   Code   RO         1946    .ARM.Collect$$libshutdown$$00000004  c_w.l(libshutdown2.o)
    0x080002f2   0x080002f2   0x00000000   Code   RO         1949    .ARM.Collect$$libshutdown$$00000007  c_w.l(libshutdown2.o)
    0x080002f2   0x080002f2   0x00000000   Code   RO         1952    .ARM.Collect$$libshutdown$$0000000A  c_w.l(libshutdown2.o)
    0x080002f2   0x080002f2   0x00000000   Code   RO         1954    .ARM.Collect$$libshutdown$$0000000C  c_w.l(libshutdown2.o)
    0x080002f2   0x080002f2   0x00000000   Code   RO         1957    .ARM.Collect$$libshutdown$$0000000F  c_w.l(libshutdown2.o)
    0x080002f2   0x080002f2   0x00000002   Code   RO         1958    .ARM.Collect$$libshutdown$$00000010  c_w.l(libshutdown2.o)
    0x080002f4   0x080002f4   0x00000000   Code   RO         1690    .ARM.Collect$$rtentry$$00000000  c_w.l(__rtentry.o)
    0x080002f4   0x080002f4   0x00000000   Code   RO         1755    .ARM.Collect$$rtentry$$00000002  c_w.l(__rtentry2.o)
    0x080002f4   0x080002f4   0x00000006   Code   RO         1767    .ARM.Collect$$rtentry$$00000004  c_w.l(__rtentry4.o)
    0x080002fa   0x080002fa   0x00000000   Code   RO         1757    .ARM.Collect$$rtentry$$00000009  c_w.l(__rtentry2.o)
    0x080002fa   0x080002fa   0x00000004   Code   RO         1758    .ARM.Collect$$rtentry$$0000000A  c_w.l(__rtentry2.o)
    0x080002fe   0x080002fe   0x00000000   Code   RO         1760    .ARM.Collect$$rtentry$$0000000C  c_w.l(__rtentry2.o)
    0x080002fe   0x080002fe   0x00000008   Code   RO         1761    .ARM.Collect$$rtentry$$0000000D  c_w.l(__rtentry2.o)
    0x08000306   0x08000306   0x00000002   Code   RO         1891    .ARM.Collect$$rtexit$$00000000  c_w.l(rtexit.o)
    0x08000308   0x08000308   0x00000000   Code   RO         1905    .ARM.Collect$$rtexit$$00000002  c_w.l(rtexit2.o)
    0x08000308   0x08000308   0x00000004   Code   RO         1906    .ARM.Collect$$rtexit$$00000003  c_w.l(rtexit2.o)
    0x0800030c   0x0800030c   0x00000006   Code   RO         1907    .ARM.Collect$$rtexit$$00000004  c_w.l(rtexit2.o)
    0x08000312   0x08000312   0x00000002   PAD
    0x08000314   0x08000314   0x00000010   Code   RO          865    .emb_text           sys.o
    0x08000324   0x08000324   0x00000080   Code   RO            4    .text               main.o
    0x080003a4   0x080003a4   0x0000001a   Code   RO          235    .text               stm32f4xx_it.o
    0x080003be   0x080003be   0x00000002   PAD
    0x080003c0   0x080003c0   0x00000210   Code   RO          288    .text               system_stm32f4xx.o
    0x080005d0   0x080005d0   0x00000040   Code   RO          318    .text               led.o
    0x08000610   0x08000610   0x00004c80   Code   RO          342    .text               lcd.o
    0x08005290   0x08005290   0x00000104   Code   RO          384    .text               key.o
    0x08005394   0x08005394   0x00000118   Code   RO          409    .text               spi.o
    0x080054ac   0x080054ac   0x00000388   Code   RO          436    .text               w25qxx.o
    0x08005834   0x08005834   0x00001d2c   Code   RO          467    .text               sdio_sdcard.o
    0x08007560   0x08007560   0x0000017a   Code   RO          505    .text               24cxx.o
    0x080076da   0x080076da   0x00000002   PAD
    0x080076dc   0x080076dc   0x0000025c   Code   RO          535    .text               myiic.o
    0x08007938   0x08007938   0x00000080   Code   RO          559    .text               timer.o
    0x080079b8   0x080079b8   0x00000188   Code   RO          587    .text               usart3.o
    0x08007b40   0x08007b40   0x00000254   Code   RO          625    .text               ctiic.o
    0x08007d94   0x08007d94   0x00000448   Code   RO          652    .text               gt9147.o
    0x080081dc   0x080081dc   0x00000388   Code   RO          680    .text               ott2001a.o
    0x08008564   0x08008564   0x000010e0   Code   RO          708    .text               touch.o
    0x08009644   0x08009644   0x0000032c   Code   RO          744    .text               ft5206.o
    0x08009970   0x08009970   0x00000448   Code   RO          772    .text               adc.o
    0x08009db8   0x08009db8   0x000001b4   Code   RO          799    .text               rs485.o
    0x08009f6c   0x08009f6c   0x00000104   Code   RO          839    .text               delay.o
    0x0800a070   0x0800a070   0x00000154   Code   RO          887    .text               usart.o
    0x0800a1c4   0x0800a1c4   0x00000040   Code   RO          922    .text               startup_stm32f40_41xxx.o
    0x0800a204   0x0800a204   0x000000e0   Code   RO          929    .text               misc.o
    0x0800a2e4   0x0800a2e4   0x000003a8   Code   RO          953    .text               stm32f4xx_dma.o
    0x0800a68c   0x0800a68c   0x000005c8   Code   RO          977    .text               stm32f4xx_fsmc.o
    0x0800ac54   0x0800ac54   0x00000294   Code   RO         1004    .text               stm32f4xx_gpio.o
    0x0800aee8   0x0800aee8   0x0000065c   Code   RO         1028    .text               stm32f4xx_rcc.o
    0x0800b544   0x0800b544   0x000001dc   Code   RO         1054    .text               stm32f4xx_sdio.o
    0x0800b720   0x0800b720   0x00000454   Code   RO         1102    .text               stm32f4xx_usart.o
    0x0800bb74   0x0800bb74   0x00000480   Code   RO         1126    .text               stm32f4xx_spi.o
    0x0800bff4   0x0800bff4   0x00000ca2   Code   RO         1150    .text               stm32f4xx_tim.o
    0x0800cc96   0x0800cc96   0x00000002   PAD
    0x0800cc98   0x0800cc98   0x00000464   Code   RO         1174    .text               stm32f4xx_adc.o
    0x0800d0fc   0x0800d0fc   0x0000022c   Code   RO         1198    .text               malloc.o
    0x0800d328   0x0800d328   0x00000c34   Code   RO         1234    .text               usmart.o
    0x0800df5c   0x0800df5c   0x00000528   Code   RO         1287    .text               usmart_str.o
    0x0800e484   0x0800e484   0x000001d0   Code   RO         1311    .text               diskio.o
    0x0800e654   0x0800e654   0x00003296   Code   RO         1338    .text               ff.o
    0x080118ea   0x080118ea   0x00000002   PAD
    0x080118ec   0x080118ec   0x000001a4   Code   RO         1359    .text               exfuns.o
    0x08011a90   0x08011a90   0x000000cc   Code   RO         1422    .text               mycc936.o
    0x08011b5c   0x08011b5c   0x000002d4   Code   RO         1483    .text               text.o
    0x08011e30   0x08011e30   0x00000a24   Code   RO         1507    .text               common.o
    0x08012854   0x08012854   0x00000860   Code   RO         1539    .text               wifiap.o
    0x080130b4   0x080130b4   0x00000002   Code   RO         1562    .text               c_w.l(use_no_semi_2.o)
    0x080130b6   0x080130b6   0x00000048   Code   RO         1564    .text               c_w.l(llsdiv.o)
    0x080130fe   0x080130fe   0x00000002   PAD
    0x08013100   0x08013100   0x00000024   Code   RO         1566    .text               c_w.l(c89vsprintf.o)
    0x08013124   0x08013124   0x00000018   Code   RO         1568    .text               c_w.l(__2printf.o)
    0x0801313c   0x0801313c   0x0000002c   Code   RO         1570    .text               c_w.l(__2sprintf.o)
    0x08013168   0x08013168   0x0000004e   Code   RO         1578    .text               c_w.l(_printf_pad.o)
    0x080131b6   0x080131b6   0x00000052   Code   RO         1580    .text               c_w.l(_printf_str.o)
    0x08013208   0x08013208   0x00000078   Code   RO         1582    .text               c_w.l(_printf_dec.o)
    0x08013280   0x08013280   0x00000094   Code   RO         1602    .text               c_w.l(_printf_hex_int_ll_ptr.o)
    0x08013314   0x08013314   0x00000188   Code   RO         1622    .text               c_w.l(__printf_flags_ss_wp.o)
    0x0801349c   0x0801349c   0x00000024   Code   RO         1632    .text               c_w.l(strstr.o)
    0x080134c0   0x080134c0   0x00000048   Code   RO         1634    .text               c_w.l(strcpy.o)
    0x08013508   0x08013508   0x0000003e   Code   RO         1636    .text               c_w.l(strlen.o)
    0x08013546   0x08013546   0x0000008a   Code   RO         1640    .text               c_w.l(rt_memcpy_v6.o)
    0x080135d0   0x080135d0   0x00000080   Code   RO         1642    .text               c_w.l(strcmpv7m.o)
    0x08013650   0x08013650   0x00000006   Code   RO         1644    .text               c_w.l(heapauxi.o)
    0x08013656   0x08013656   0x00000002   Code   RO         1688    .text               c_w.l(use_no_semi.o)
    0x08013658   0x08013658   0x000000ee   Code   RO         1691    .text               c_w.l(lludivv7m.o)
    0x08013746   0x08013746   0x00000016   Code   RO         1693    .text               c_w.l(_rserrno.o)
    0x0801375c   0x0801375c   0x00000024   Code   RO         1695    .text               c_w.l(_printf_truncate.o)
    0x08013780   0x08013780   0x000000b2   Code   RO         1697    .text               c_w.l(_printf_intcommon.o)
    0x08013832   0x08013832   0x00000028   Code   RO         1699    .text               c_w.l(_printf_charcount.o)
    0x0801385a   0x0801385a   0x0000041e   Code   RO         1701    .text               c_w.l(_printf_fp_dec.o)
    0x08013c78   0x08013c78   0x00000030   Code   RO         1703    .text               c_w.l(_printf_char_common.o)
    0x08013ca8   0x08013ca8   0x0000000a   Code   RO         1705    .text               c_w.l(_sputc.o)
    0x08013cb2   0x08013cb2   0x0000002c   Code   RO         1707    .text               c_w.l(_printf_char.o)
    0x08013cde   0x08013cde   0x00000002   PAD
    0x08013ce0   0x08013ce0   0x00000024   Code   RO         1709    .text               c_w.l(_printf_char_file.o)
    0x08013d04   0x08013d04   0x000000bc   Code   RO         1711    .text               c_w.l(_printf_wctomb.o)
    0x08013dc0   0x08013dc0   0x0000007c   Code   RO         1714    .text               c_w.l(_printf_longlong_dec.o)
    0x08013e3c   0x08013e3c   0x00000070   Code   RO         1720    .text               c_w.l(_printf_oct_int_ll.o)
    0x08013eac   0x08013eac   0x00000064   Code   RO         1739    .text               c_w.l(rt_memcpy_w.o)
    0x08013f10   0x08013f10   0x00000008   Code   RO         1776    .text               c_w.l(rt_locale_intlibspace.o)
    0x08013f18   0x08013f18   0x00000008   Code   RO         1781    .text               c_w.l(rt_errno_addr_intlibspace.o)
    0x08013f20   0x08013f20   0x0000008a   Code   RO         1783    .text               c_w.l(lludiv10.o)
    0x08013faa   0x08013faa   0x00000002   PAD
    0x08013fac   0x08013fac   0x00000080   Code   RO         1785    .text               c_w.l(_printf_fp_infnan.o)
    0x0801402c   0x0801402c   0x0000002c   Code   RO         1789    .text               c_w.l(_printf_wchar.o)
    0x08014058   0x08014058   0x000000e4   Code   RO         1791    .text               c_w.l(bigflt0.o)
    0x0801413c   0x0801413c   0x00000008   Code   RO         1816    .text               c_w.l(ferror.o)
    0x08014144   0x08014144   0x00000040   Code   RO         1820    .text               c_w.l(_wcrtomb.o)
    0x08014184   0x08014184   0x00000008   Code   RO         1829    .text               c_w.l(libspace.o)
    0x0801418c   0x0801418c   0x0000004a   Code   RO         1832    .text               c_w.l(sys_stackheap_outer.o)
    0x080141d6   0x080141d6   0x00000002   PAD
    0x080141d8   0x080141d8   0x00000010   Code   RO         1834    .text               c_w.l(rt_ctype_table.o)
    0x080141e8   0x080141e8   0x00000012   Code   RO         1838    .text               c_w.l(exit.o)
    0x080141fa   0x080141fa   0x0000003e   Code   RO         1794    CL$$btod_d2e        c_w.l(btod.o)
    0x08014238   0x08014238   0x00000046   Code   RO         1796    CL$$btod_d2e_denorm_low  c_w.l(btod.o)
    0x0801427e   0x0801427e   0x00000060   Code   RO         1795    CL$$btod_d2e_norm_op1  c_w.l(btod.o)
    0x080142de   0x080142de   0x00000338   Code   RO         1804    CL$$btod_div_common  c_w.l(btod.o)
    0x08014616   0x08014616   0x000000dc   Code   RO         1801    CL$$btod_e2e        c_w.l(btod.o)
    0x080146f2   0x080146f2   0x0000002a   Code   RO         1798    CL$$btod_ediv       c_w.l(btod.o)
    0x0801471c   0x0801471c   0x0000002a   Code   RO         1797    CL$$btod_emul       c_w.l(btod.o)
    0x08014746   0x08014746   0x00000244   Code   RO         1803    CL$$btod_mult_common  c_w.l(btod.o)
    0x0801498a   0x0801498a   0x00000030   Code   RO         1827    i.__ARM_fpclassify  m_wm.l(fpclassify.o)
    0x080149ba   0x080149ba   0x0000007a   Code   RO         1676    i.__hardfp_sqrt     m_wm.l(sqrt.o)
    0x08014a34   0x08014a34   0x0000000e   Code   RO         1615    i._is_digit         c_w.l(__printf_wp.o)
    0x08014a42   0x08014a42   0x00000002   PAD
    0x08014a44   0x08014a44   0x0000002c   Code   RO         1823    locale$$code        c_w.l(lc_numeric_c.o)
    0x08014a70   0x08014a70   0x0000002c   Code   RO         1894    locale$$code        c_w.l(lc_ctype_c.o)
    0x08014a9c   0x08014a9c   0x00000062   Code   RO         1648    x$fpl$d2f           fz_wm.l(d2f.o)
    0x08014afe   0x08014afe   0x00000002   PAD
    0x08014b00   0x08014b00   0x00000150   Code   RO         1650    x$fpl$dadd          fz_wm.l(daddsub_clz.o)
    0x08014c50   0x08014c50   0x00000018   Code   RO         1741    x$fpl$dcmpinf       fz_wm.l(dcmpi.o)
    0x08014c68   0x08014c68   0x0000005a   Code   RO         1656    x$fpl$dfixu         fz_wm.l(dfixu.o)
    0x08014cc2   0x08014cc2   0x0000002e   Code   RO         1661    x$fpl$dflt          fz_wm.l(dflt_clz.o)
    0x08014cf0   0x08014cf0   0x00000026   Code   RO         1660    x$fpl$dfltu         fz_wm.l(dflt_clz.o)
    0x08014d16   0x08014d16   0x00000002   PAD
    0x08014d18   0x08014d18   0x00000078   Code   RO         1666    x$fpl$dleqf         fz_wm.l(dleqf.o)
    0x08014d90   0x08014d90   0x00000154   Code   RO         1668    x$fpl$dmul          fz_wm.l(dmul.o)
    0x08014ee4   0x08014ee4   0x0000009c   Code   RO         1743    x$fpl$dnaninf       fz_wm.l(dnaninf.o)
    0x08014f80   0x08014f80   0x0000000c   Code   RO         1745    x$fpl$dretinf       fz_wm.l(dretinf.o)
    0x08014f8c   0x08014f8c   0x0000006c   Code   RO         1670    x$fpl$drleqf        fz_wm.l(drleqf.o)
    0x08014ff8   0x08014ff8   0x00000016   Code   RO         1651    x$fpl$drsb          fz_wm.l(daddsub_clz.o)
    0x0801500e   0x0801500e   0x00000002   PAD
    0x08015010   0x08015010   0x00000198   Code   RO         1747    x$fpl$dsqrt         fz_wm.l(dsqrt_umaal.o)
    0x080151a8   0x080151a8   0x000001d4   Code   RO         1652    x$fpl$dsub          fz_wm.l(daddsub_clz.o)
    0x0801537c   0x0801537c   0x00000056   Code   RO         1672    x$fpl$f2d           fz_wm.l(f2d.o)
    0x080153d2   0x080153d2   0x0000008c   Code   RO         1749    x$fpl$fnaninf       fz_wm.l(fnaninf.o)
    0x0801545e   0x0801545e   0x0000000a   Code   RO         1902    x$fpl$fpinit        fz_wm.l(fpinit.o)
    0x08015468   0x08015468   0x0000000a   Code   RO         1751    x$fpl$fretinf       fz_wm.l(fretinf.o)
    0x08015472   0x08015472   0x00000004   Code   RO         1674    x$fpl$printf1       fz_wm.l(printf1.o)
    0x08015476   0x08015476   0x00000000   Code   RO         1753    x$fpl$usenofp       fz_wm.l(usenofp.o)
    0x08015476   0x08015476   0x000017c0   Data   RO          344    .constdata          lcd.o
    0x08016c36   0x08016c36   0x000000c2   Data   RO          653    .constdata          gt9147.o
    0x08016cf8   0x08016cf8   0x0000000a   Data   RO          681    .constdata          ott2001a.o
    0x08016d02   0x08016d02   0x00000002   PAD
    0x08016d04   0x08016d04   0x00000004   Data   RO          709    .constdata          touch.o
    0x08016d08   0x08016d08   0x0000000a   Data   RO          745    .constdata          ft5206.o
    0x08016d12   0x08016d12   0x00000002   PAD
    0x08016d14   0x08016d14   0x0000001c   Data   RO          978    .constdata          stm32f4xx_fsmc.o
    0x08016d30   0x08016d30   0x00000024   Data   RO         1204    .constdata          malloc.o
    0x08016d54   0x08016d54   0x0000003a   Data   RO         1339    .constdata          ff.o
    0x08016d8e   0x08016d8e   0x000003c0   Data   RO         1423    .constdata          mycc936.o
    0x0801714e   0x0801714e   0x00000028   Data   RO         1603    .constdata          c_w.l(_printf_hex_int_ll_ptr.o)
    0x08017176   0x08017176   0x00000011   Data   RO         1623    .constdata          c_w.l(__printf_flags_ss_wp.o)
    0x08017187   0x08017187   0x00000001   PAD
    0x08017188   0x08017188   0x00000008   Data   RO         1712    .constdata          c_w.l(_printf_wctomb.o)
    0x08017190   0x08017190   0x00000094   Data   RO         1792    .constdata          c_w.l(bigflt0.o)
    0x08017224   0x08017224   0x00000079   Data   RO          710    .conststring        touch.o
    0x0801729d   0x0801729d   0x00000003   PAD
    0x080172a0   0x080172a0   0x00000028   Data   RO         1235    .conststring        usmart.o
    0x080172c8   0x080172c8   0x00000090   Data   RO         1262    .conststring        usmart_config.o
    0x08017358   0x08017358   0x00000064   Data   RO         1361    .conststring        exfuns.o
    0x080173bc   0x080173bc   0x0000006e   Data   RO         1508    .conststring        common.o
    0x0801742a   0x0801742a   0x00000002   PAD
    0x0801742c   0x0801742c   0x00000020   Data   RO         1973    Region$$Table       anon$$obj.o
    0x0801744c   0x0801744c   0x0000001c   Data   RO         1822    locale$$data        c_w.l(lc_numeric_c.o)
    0x08017468   0x08017468   0x00000110   Data   RO         1893    locale$$data        c_w.l(lc_ctype_c.o)


    Execution Region RW_IRAM1 (Exec base: 0x20000000, Load base: 0x08017578, Size: 0x0001ca08, Max: 0x00020000, ABSOLUTE, COMPRESSED[0x00000104])

    Exec Addr    Load Addr    Size         Type   Attr      Idx    E Section Name        Object

    0x20000000   COMPRESSED   0x00000014   Data   RW          289    .data               system_stm32f4xx.o
    0x20000014   COMPRESSED   0x00000004   Data   RW          345    .data               lcd.o
    0x20000018   COMPRESSED   0x00000001   Data   RW          385    .data               key.o
    0x20000019   COMPRESSED   0x00000001   PAD
    0x2000001a   COMPRESSED   0x00000002   Data   RW          438    .data               w25qxx.o
    0x2000001c   COMPRESSED   0x00000010   Data   RW          469    .data               sdio_sdcard.o
    0x2000002c   COMPRESSED   0x00000002   Data   RW          589    .data               usart3.o
    0x2000002e   COMPRESSED   0x00000001   Data   RW          654    .data               gt9147.o
    0x2000002f   COMPRESSED   0x00000001   Data   RW          682    .data               ott2001a.o
    0x20000030   COMPRESSED   0x00000036   Data   RW          711    .data               touch.o
    0x20000066   COMPRESSED   0x00000001   Data   RW          746    .data               ft5206.o
    0x20000067   COMPRESSED   0x00000001   PAD
    0x20000068   COMPRESSED   0x0000000a   Data   RW          773    .data               adc.o
    0x20000072   COMPRESSED   0x00000001   Data   RW          801    .data               rs485.o
    0x20000073   COMPRESSED   0x00000001   PAD
    0x20000074   COMPRESSED   0x00000004   Data   RW          840    .data               delay.o
    0x20000078   COMPRESSED   0x00000006   Data   RW          889    .data               usart.o
    0x2000007e   COMPRESSED   0x00000010   Data   RW         1029    .data               stm32f4xx_rcc.o
    0x2000008e   COMPRESSED   0x00000002   PAD
    0x20000090   COMPRESSED   0x00000024   Data   RW         1205    .data               malloc.o
    0x200000b4   COMPRESSED   0x0000001c   Data   RW         1236    .data               usmart.o
    0x200000d0   COMPRESSED   0x00000114   Data   RW         1263    .data               usmart_config.o
    0x200001e4   COMPRESSED   0x00000002   Data   RW         1312    .data               diskio.o
    0x200001e6   COMPRESSED   0x00000002   PAD
    0x200001e8   COMPRESSED   0x0000000a   Data   RW         1340    .data               ff.o
    0x200001f2   COMPRESSED   0x00000002   PAD
    0x200001f4   COMPRESSED   0x00000154   Data   RW         1362    .data               exfuns.o
    0x20000348   COMPRESSED   0x0000002c   Data   RW         1509    .data               common.o
    0x20000374        -       0x0000000e   Zero   RW          343    .bss                lcd.o
    0x20000382        -       0x00001000   Zero   RW          437    .bss                w25qxx.o
    0x20001382   COMPRESSED   0x00000006   PAD
    0x20001388        -       0x000002c0   Zero   RW          468    .bss                sdio_sdcard.o
    0x20001648        -       0x00000320   Zero   RW          588    .bss                usart3.o
    0x20001968        -       0x00000040   Zero   RW          800    .bss                rs485.o
    0x200019a8        -       0x000000c8   Zero   RW          888    .bss                usart.o
    0x20001a70   COMPRESSED   0x00000010   PAD
    0x20001a80        -       0x0001a900   Zero   RW         1203    .bss                malloc.o
    0x2001c380        -       0x00000021   Zero   RW         1448    .bss                fontupd.o
    0x2001c3a1   COMPRESSED   0x00000003   PAD
    0x2001c3a4        -       0x00000060   Zero   RW         1830    .bss                c_w.l(libspace.o)
    0x2001c404   COMPRESSED   0x00000004   PAD
    0x2001c408        -       0x00000200   Zero   RW          920    HEAP                startup_stm32f40_41xxx.o
    0x2001c608        -       0x00000400   Zero   RW          919    STACK               startup_stm32f40_41xxx.o



  Load Region LR$$.ARM.__AT_0x10000000 (Base: 0x10000000, Size: 0x00000000, Max: 0x0000f000, ABSOLUTE)

    Execution Region ER$$.ARM.__AT_0x10000000 (Exec base: 0x10000000, Load base: 0x10000000, Size: 0x0000f000, Max: 0x0000f000, ABSOLUTE, UNINIT)

    Exec Addr    Load Addr    Size         Type   Attr      Idx    E Section Name        Object

    0x10000000        -       0x0000f000   Zero   RW         1199    .ARM.__AT_0x10000000  malloc.o



  Load Region LR$$.ARM.__AT_0x1000F000 (Base: 0x1000f000, Size: 0x00000000, Max: 0x00000f00, ABSOLUTE)

    Execution Region ER$$.ARM.__AT_0x1000F000 (Exec base: 0x1000f000, Load base: 0x1000f000, Size: 0x00000f00, Max: 0x00000f00, ABSOLUTE, UNINIT)

    Exec Addr    Load Addr    Size         Type   Attr      Idx    E Section Name        Object

    0x1000f000        -       0x00000f00   Zero   RW         1200    .ARM.__AT_0x1000F000  malloc.o



  Load Region LR$$.ARM.__AT_0x68000000 (Base: 0x68000000, Size: 0x00000000, Max: 0x000f0000, ABSOLUTE)

    Execution Region ER$$.ARM.__AT_0x68000000 (Exec base: 0x68000000, Load base: 0x68000000, Size: 0x000f0000, Max: 0x000f0000, ABSOLUTE, UNINIT)

    Exec Addr    Load Addr    Size         Type   Attr      Idx    E Section Name        Object

    0x68000000        -       0x000f0000   Zero   RW         1201    .ARM.__AT_0x68000000  malloc.o



  Load Region LR$$.ARM.__AT_0x680F0000 (Base: 0x680f0000, Size: 0x00000000, Max: 0x0000f000, ABSOLUTE)

    Execution Region ER$$.ARM.__AT_0x680F0000 (Exec base: 0x680f0000, Load base: 0x680f0000, Size: 0x0000f000, Max: 0x0000f000, ABSOLUTE, UNINIT)

    Exec Addr    Load Addr    Size         Type   Attr      Idx    E Section Name        Object

    0x680f0000        -       0x0000f000   Zero   RW         1202    .ARM.__AT_0x680F0000  malloc.o


==============================================================================

Image component sizes


      Code (inc. data)   RO Data    RW Data    ZI Data      Debug   Object Name

       378          0          0          0          0       2782   24cxx.o
      1096         32          0         10          0       4498   adc.o
      2596        506        110         44          0       5295   common.o
       596         24          0          0          0       2065   ctiic.o
       260          8          0          4          0       1441   delay.o
       464          8          0          2          0       4290   diskio.o
       420         22        100        340          0       2648   exfuns.o
     12950        138         58         10          0      37594   ff.o
         0          0          0          0         33       1369   fontupd.o
       812         40         10          1          0       2479   ft5206.o
      1096         78        194          1          0       3034   gt9147.o
       260         12          0          1          0        860   key.o
     19584        174       6080          4         14      22774   lcd.o
        64          4          0          0          0        507   led.o
       128         16          0          0          0     333923   main.o
       556         18         36         36    1218560       4917   malloc.o
       224         20          0          0          0       1781   misc.o
       204         12        960          0          0       1641   mycc936.o
       604         14          0          0          0       1900   myiic.o
       904         66         10          1          0       2695   ott2001a.o
       436         26          0          1         64       2194   rs485.o
      7468        274          0         16        704      25137   sdio_sdcard.o
       280          8          0          0          0       1057   spi.o
        64         26        392          0       1536        812   startup_stm32f40_41xxx.o
      1124         24          0          0          0      10650   stm32f4xx_adc.o
       936         32          0          0          0       6357   stm32f4xx_dma.o
      1480         18         28          0          0       5594   stm32f4xx_fsmc.o
       660         44          0          0          0       4121   stm32f4xx_gpio.o
        26          0          0          0          0       1202   stm32f4xx_it.o
      1628         52          0         16          0      12980   stm32f4xx_rcc.o
       476         16          0          0          0       7384   stm32f4xx_sdio.o
      1152         36          0          0          0       6869   stm32f4xx_spi.o
      3234         60          0          0          0      22976   stm32f4xx_tim.o
      1108         34          0          0          0       7844   stm32f4xx_usart.o
        16          0          0          0          0        464   sys.o
       528         46          0         20          0       1723   system_stm32f4xx.o
       724         16          0          0          0       3096   text.o
       128          8          0          0          0        800   timer.o
      4320        228        125         54          0       6781   touch.o
       340         18          0          6        200       3278   usart.o
       392         26          0          2        800       2506   usart3.o
      3124       1286         40         28          0       4366   usmart.o
         0          0        144        276          0       1440   usmart_config.o
      1320         12          0          0          0       5305   usmart_str.o
       904         34          0          2       4096       4437   w25qxx.o
      2144        548          0          0          0       2083   wifiap.o

    ----------------------------------------------------------------------
     77216       4064       8328        884    1226032     589949   Object Totals
         0          0         32          0          0          0   (incl. Generated)
         8          0          9          9         25          0   (incl. Padding)

    ----------------------------------------------------------------------

      Code (inc. data)   RO Data    RW Data    ZI Data      Debug   Library Member Name

        24          4          0          0          0         84   __2printf.o
        44          6          0          0          0         84   __2sprintf.o
        90          0          0          0          0          0   __dczerorl2.o
         8          0          0          0          0         68   __main.o
       392          4         17          0          0         92   __printf_flags_ss_wp.o
        14          0          0          0          0         68   __printf_wp.o
         0          0          0          0          0          0   __rtentry.o
        12          0          0          0          0          0   __rtentry2.o
         6          0          0          0          0          0   __rtentry4.o
        52          8          0          0          0          0   __scatter.o
        28          0          0          0          0          0   __scatter_zi.o
         6          0          0          0          0          0   _printf_a.o
         6          0          0          0          0          0   _printf_c.o
        44          0          0          0          0        108   _printf_char.o
        48          6          0          0          0         96   _printf_char_common.o
        36          4          0          0          0         80   _printf_char_file.o
        40          0          0          0          0         68   _printf_charcount.o
         6          0          0          0          0          0   _printf_d.o
       120         16          0          0          0         92   _printf_dec.o
         6          0          0          0          0          0   _printf_e.o
         6          0          0          0          0          0   _printf_f.o
      1054          0          0          0          0        216   _printf_fp_dec.o
       128         16          0          0          0         84   _printf_fp_infnan.o
         6          0          0          0          0          0   _printf_g.o
       148          4         40          0          0        160   _printf_hex_int_ll_ptr.o
         6          0          0          0          0          0   _printf_i.o
       178          0          0          0          0         88   _printf_intcommon.o
        10          0          0          0          0          0   _printf_l.o
         6          0          0          0          0          0   _printf_lc.o
        10          0          0          0          0          0   _printf_ll.o
         6          0          0          0          0          0   _printf_lld.o
         6          0          0          0          0          0   _printf_lli.o
         6          0          0          0          0          0   _printf_llo.o
         6          0          0          0          0          0   _printf_llu.o
         6          0          0          0          0          0   _printf_llx.o
       124         16          0          0          0         92   _printf_longlong_dec.o
         6          0          0          0          0          0   _printf_ls.o
         6          0          0          0          0          0   _printf_n.o
         6          0          0          0          0          0   _printf_o.o
       112         10          0          0          0        124   _printf_oct_int_ll.o
         6          0          0          0          0          0   _printf_p.o
        78          0          0          0          0        108   _printf_pad.o
         0          0          0          0          0          0   _printf_percent.o
         4          0          0          0          0          0   _printf_percent_end.o
         6          0          0          0          0          0   _printf_s.o
        82          0          0          0          0         80   _printf_str.o
        36          0          0          0          0         84   _printf_truncate.o
         6          0          0          0          0          0   _printf_u.o
        44          0          0          0          0        108   _printf_wchar.o
       188          6          8          0          0         92   _printf_wctomb.o
         6          0          0          0          0          0   _printf_x.o
        22          0          0          0          0        100   _rserrno.o
        10          0          0          0          0         68   _sputc.o
        64          0          0          0          0         92   _wcrtomb.o
       228          4        148          0          0         96   bigflt0.o
      1936        128          0          0          0        672   btod.o
        36          4          0          0          0         76   c89vsprintf.o
        18          0          0          0          0         80   exit.o
         8          0          0          0          0         68   ferror.o
         6          0          0          0          0        152   heapauxi.o
        44         10        272          0          0         76   lc_ctype_c.o
        44         10         28          0          0         76   lc_numeric_c.o
         2          0          0          0          0          0   libinit.o
        34          0          0          0          0          0   libinit2.o
         2          0          0          0          0          0   libshutdown.o
         2          0          0          0          0          0   libshutdown2.o
         8          4          0          0         96         68   libspace.o
        72          0          0          0          0         76   llsdiv.o
       138          0          0          0          0         80   lludiv10.o
       238          0          0          0          0        100   lludivv7m.o
        16          4          0          0          0         76   rt_ctype_table.o
         8          4          0          0          0         68   rt_errno_addr_intlibspace.o
         8          4          0          0          0         68   rt_locale_intlibspace.o
       138          0          0          0          0         68   rt_memcpy_v6.o
       100          0          0          0          0         80   rt_memcpy_w.o
         2          0          0          0          0          0   rtexit.o
        10          0          0          0          0          0   rtexit2.o
       128          0          0          0          0         68   strcmpv7m.o
        72          0          0          0          0         80   strcpy.o
        62          0          0          0          0         76   strlen.o
        36          0          0          0          0         80   strstr.o
        74          0          0          0          0         80   sys_stackheap_outer.o
         2          0          0          0          0         68   use_no_semi.o
         2          0          0          0          0         68   use_no_semi_2.o
        98          4          0          0          0        140   d2f.o
       826         16          0          0          0        492   daddsub_clz.o
        24          0          0          0          0        116   dcmpi.o
        90          4          0          0          0        140   dfixu.o
        84          0          0          0          0        232   dflt_clz.o
       120          4          0          0          0        140   dleqf.o
       340         12          0          0          0        152   dmul.o
       156          4          0          0          0        140   dnaninf.o
        12          0          0          0          0        116   dretinf.o
       108          0          0          0          0        128   drleqf.o
       408         56          0          0          0        168   dsqrt_umaal.o
        86          4          0          0          0        132   f2d.o
       140          4          0          0          0        132   fnaninf.o
        10          0          0          0          0        116   fpinit.o
        10          0          0          0          0        116   fretinf.o
         4          0          0          0          0        116   printf1.o
         0          0          0          0          0          0   usenofp.o
        48          0          0          0          0        124   fpclassify.o
       122          0          0          0          0        148   sqrt.o

    ----------------------------------------------------------------------
      9550        380        514          0        100       7684   Library Totals
        20          0          1          0          4          0   (incl. Padding)

    ----------------------------------------------------------------------

      Code (inc. data)   RO Data    RW Data    ZI Data      Debug   Library Name

      6844        272        513          0         96       4836   c_w.l
      2516        108          0          0          0       2576   fz_wm.l
       170          0          0          0          0        272   m_wm.l

    ----------------------------------------------------------------------
      9550        380        514          0        100       7684   Library Totals

    ----------------------------------------------------------------------

==============================================================================


      Code (inc. data)   RO Data    RW Data    ZI Data      Debug   

     86766       4444       8842        884    1226132     584329   Grand Totals
     86766       4444       8842        260    1226132     584329   ELF Image Totals (compressed)
     86766       4444       8842        260          0          0   ROM Totals

==============================================================================

    Total RO  Size (Code + RO Data)                95608 (  93.37kB)
    Total RW  Size (RW Data + ZI Data)           1227016 (1198.26kB)
    Total ROM Size (Code + RO Data + RW Data)      95868 (  93.62kB)

==============================================================================

